2026-06-29 04:11:01,582 INFO 設定: リクエスト間隔 3〜8秒 / 開催日後 10〜20秒 / 最大リトライ 3回
2026-06-29 04:11:09,800 INFO 設定: リクエスト間隔 3〜8秒 / 開催日後 10〜20秒 / 最大リトライ 3回
2026-06-29 04:11:09,950 INFO 取得済みレース（重複除外後）: 0 件
2026-06-29 04:11:21,214 INFO 設定: リクエスト間隔 3〜8秒 / 開催日後 10〜20秒 / 最大リトライ 3回
2026-06-29 04:11:21,356 INFO 取得済みレース（重複除外後）: 0 件
2026-06-29 04:11:30,214 INFO 設定: リクエスト間隔 3〜8秒 / 開催日後 10〜20秒 / 最大リトライ 3回
2026-06-29 04:11:30,350 INFO 取得済みレース（重複除外後）: 0 件
2026-06-29 04:11:30,351 INFO 2022年 開始 — 未取得 0 / 全 0 レース（0 開催日）
2026-06-29 04:11:47,017 INFO 設定: リクエスト間隔 3〜8秒 / 開催日後 10〜20秒 / 最大リトライ 3回
2026-06-29 04:11:47,156 INFO 取得済みレース（重複除外後）: 0 件
2026-06-29 04:11:47,157 INFO 2022年 開始 — 未取得 1 / 全 1 レース（1 開催日）
2026-06-29 04:11:47,157 INFO 進捗 [2022年] 1/1 | 開催日 2022-01-01 | 2R
2026-06-29 04:12:08,438 INFO 設定: リクエスト間隔 3〜8秒 / 開催日後 10〜20秒 / 最大リトライ 3回
2026-06-29 04:12:08,577 INFO 進捗ファイル読込: 取得済み 1 レース
2026-06-29 04:12:08,580 INFO 取得済みレース（重複除外後）: 1 件
2026-06-29 04:12:08,580 INFO 2022年 開始 — 未取得 0 / 全 1 レース（0 開催日）
2026-06-30 16:49:53,256 INFO 設定: 1回 100レース / リクエスト間隔 3〜8秒 / 開催日後 10〜20秒 / 最大リトライ 3回
2026-06-30 16:49:53,528 INFO 進捗ファイル読込: 取得済み 1 レース
2026-06-30 16:49:53,530 INFO 取得済みレース（重複除外後）: 1 件
2026-06-30 16:49:53,530 INFO 2022年 開始 — 今回 0 レース / 残り 0 / 全 1 レース
