2019-01-01,1,取得失敗
2024-01-01,2,取得失敗
2024-01-01,3,取得失敗
2024-01-01,4,取得失敗
2024-01-01,5,取得失敗
2024-01-01,6,取得失敗
2024-01-01,7,取得失敗
2024-01-01,8,取得失敗
2024-01-01,9,取得失敗
2024-01-01,10,取得失敗
2024-01-01,11,取得失敗
2024-01-01,12,取得失敗
2024-01-01,2,部分欠損: odds_final
2024-01-01,3,部分欠損: odds_final
2024-01-01,4,部分欠損: odds_final
2024-01-01,5,部分欠損: odds_final
2024-01-01,6,部分欠損: odds_final
2024-01-01,7,部分欠損: odds_final
2024-01-01,8,部分欠損: odds_final
2024-01-01,9,部分欠損: odds_final
2024-01-01,10,部分欠損: odds_final
2024-01-01,11,部分欠損: odds_final
2024-01-01,12,部分欠損: odds_final
2019-01-01,1,全モード取得失敗
2019-01-01,2,全モード取得失敗
2019-01-01,3,全モード取得失敗
2019-01-01,4,全モード取得失敗
2019-01-01,5,全モード取得失敗
2019-01-01,6,全モード取得失敗
2019-01-01,7,全モード取得失敗
2019-01-01,8,全モード取得失敗
2019-01-01,9,全モード取得失敗
2019-01-01,10,全モード取得失敗
2019-01-01,11,全モード取得失敗
2019-01-01,12,全モード取得失敗
2019-01-10,2,部分欠損: odds_5m,odds_10m,odds_20m
2019-01-10,3,全モード取得失敗
2019-01-10,4,全モード取得失敗
2019-01-10,5,全モード取得失敗
2019-01-10,6,全モード取得失敗
2019-01-10,8,全モード取得失敗
2019-01-10,9,全モード取得失敗
2019-01-10,10,全モード取得失敗
2019-01-10,11,全モード取得失敗
2019-01-10,12,全モード取得失敗
2019-01-11,1,全モード取得失敗
2019-01-11,2,全モード取得失敗
2019-01-11,3,全モード取得失敗
2019-01-11,4,全モード取得失敗
2019-01-11,5,全モード取得失敗
2019-01-11,6,全モード取得失敗
2019-01-11,7,全モード取得失敗
2019-01-11,8,全モード取得失敗
2019-01-11,9,全モード取得失敗
2019-01-11,10,全モード取得失敗
2019-01-11,11,全モード取得失敗
2019-01-11,12,全モード取得失敗
2019-01-12,1,全モード取得失敗
2019-01-12,2,全モード取得失敗
2019-01-12,3,全モード取得失敗
2019-01-12,4,全モード取得失敗
2019-01-12,5,全モード取得失敗
2019-01-12,6,全モード取得失敗
2019-01-12,7,全モード取得失敗
2019-01-12,8,全モード取得失敗
2019-01-12,9,全モード取得失敗
2019-01-12,10,全モード取得失敗
2019-01-12,11,全モード取得失敗
2019-01-12,12,全モード取得失敗
2019-01-15,1,全モード取得失敗
2019-01-15,2,全モード取得失敗
2019-01-15,3,全モード取得失敗
2019-01-15,4,全モード取得失敗
2019-01-15,5,全モード取得失敗
2019-01-15,6,全モード取得失敗
2019-01-15,7,全モード取得失敗
2019-01-15,8,全モード取得失敗
2019-01-15,9,全モード取得失敗
2019-01-15,11,全モード取得失敗
2019-01-15,12,全モード取得失敗
2019-01-16,1,全モード取得失敗
2019-01-16,2,全モード取得失敗
2019-01-16,3,全モード取得失敗
2019-01-16,4,全モード取得失敗
2019-01-16,5,全モード取得失敗
2019-01-16,6,全モード取得失敗
2019-01-16,7,全モード取得失敗
2019-01-16,8,全モード取得失敗
2019-01-16,9,全モード取得失敗
2019-01-16,10,全モード取得失敗
2019-01-16,11,全モード取得失敗
2019-01-16,12,全モード取得失敗
2019-01-17,1,全モード取得失敗
2019-01-17,2,全モード取得失敗
2019-01-17,3,全モード取得失敗
2019-01-17,4,全モード取得失敗
2019-01-17,5,全モード取得失敗
2019-01-17,7,全モード取得失敗
2019-01-17,8,全モード取得失敗
2019-01-17,9,全モード取得失敗
2019-01-17,10,全モード取得失敗
2019-01-17,11,全モード取得失敗
2019-01-17,12,全モード取得失敗
2019-01-18,1,全モード取得失敗
2019-01-18,2,全モード取得失敗
2019-01-18,3,全モード取得失敗
2019-01-18,4,全モード取得失敗
2019-01-18,5,全モード取得失敗
2019-01-18,7,全モード取得失敗
2019-01-18,8,全モード取得失敗
2019-01-18,9,全モード取得失敗
2019-01-18,10,全モード取得失敗
2019-01-18,11,全モード取得失敗
2019-01-18,12,全モード取得失敗
2019-01-19,1,全モード取得失敗
2019-01-19,3,全モード取得失敗
2019-01-19,4,全モード取得失敗
2019-01-19,5,全モード取得失敗
2019-01-19,6,全モード取得失敗
2019-01-19,8,全モード取得失敗
2019-01-19,9,全モード取得失敗
2019-01-19,10,全モード取得失敗
2019-01-19,11,全モード取得失敗
2019-01-19,12,全モード取得失敗
2019-01-20,1,全モード取得失敗
2019-01-20,3,全モード取得失敗
2019-01-20,4,全モード取得失敗
2019-01-20,5,全モード取得失敗
2019-01-20,6,全モード取得失敗
2019-01-20,8,全モード取得失敗
2019-01-20,9,全モード取得失敗
2019-01-20,10,全モード取得失敗
2019-01-20,11,全モード取得失敗
2019-01-20,12,全モード取得失敗
2019-01-25,1,全モード取得失敗
2019-01-25,2,全モード取得失敗
2019-01-25,3,全モード取得失敗
2019-01-25,4,全モード取得失敗
2019-01-25,5,全モード取得失敗
2019-01-25,6,全モード取得失敗
2019-01-25,7,全モード取得失敗
2019-01-25,8,全モード取得失敗
2019-01-25,9,全モード取得失敗
2019-01-25,10,全モード取得失敗
2019-01-25,11,全モード取得失敗
2019-01-25,12,全モード取得失敗
2019-01-26,1,全モード取得失敗
2019-01-26,2,全モード取得失敗
2019-01-26,3,全モード取得失敗
2019-01-26,4,全モード取得失敗
2019-01-26,5,全モード取得失敗
2019-01-26,6,全モード取得失敗
2019-01-26,7,全モード取得失敗
2019-01-26,8,全モード取得失敗
2019-01-26,9,全モード取得失敗
2019-01-26,10,全モード取得失敗
2019-01-26,11,全モード取得失敗
2019-01-26,12,全モード取得失敗
2019-01-27,1,全モード取得失敗
2019-01-27,2,全モード取得失敗
2019-01-27,4,全モード取得失敗
2019-01-27,6,全モード取得失敗
2019-01-27,7,全モード取得失敗
2019-01-27,8,全モード取得失敗
2019-01-27,10,全モード取得失敗
2019-01-27,11,全モード取得失敗
2019-01-27,12,全モード取得失敗
2019-01-28,1,全モード取得失敗
2019-01-28,2,全モード取得失敗
2019-01-28,3,全モード取得失敗
2019-01-28,4,全モード取得失敗
2019-01-28,5,全モード取得失敗
2019-01-28,6,全モード取得失敗
2019-01-28,7,全モード取得失敗
2019-01-28,8,全モード取得失敗
2019-01-28,9,全モード取得失敗
2019-01-28,10,全モード取得失敗
2019-01-28,11,全モード取得失敗
2019-01-28,12,全モード取得失敗
2019-01-29,2,全モード取得失敗
2019-01-29,3,全モード取得失敗
2019-01-29,4,全モード取得失敗
2019-01-29,5,全モード取得失敗
2019-01-29,7,全モード取得失敗
2019-01-29,8,全モード取得失敗
2019-01-29,9,全モード取得失敗
2019-01-29,10,全モード取得失敗
2019-01-29,11,全モード取得失敗
2019-01-29,12,全モード取得失敗
2019-01-30,1,全モード取得失敗
2019-01-30,2,全モード取得失敗
2019-01-30,4,全モード取得失敗
2019-01-30,5,全モード取得失敗
2019-01-30,6,全モード取得失敗
2019-01-30,8,全モード取得失敗
2019-01-30,9,全モード取得失敗
2019-01-30,10,全モード取得失敗
2019-01-30,11,全モード取得失敗
2019-01-30,12,全モード取得失敗
2019-02-06,1,全モード取得失敗
2019-02-06,2,全モード取得失敗
2019-02-06,3,全モード取得失敗
2019-02-06,4,全モード取得失敗
2019-02-06,5,全モード取得失敗
2019-02-06,6,全モード取得失敗
2019-02-06,7,全モード取得失敗
2019-02-06,8,全モード取得失敗
2019-02-06,9,全モード取得失敗
2019-02-06,10,全モード取得失敗
2019-02-06,11,全モード取得失敗
2019-02-06,12,全モード取得失敗
2019-02-07,1,全モード取得失敗
2019-02-07,2,全モード取得失敗
2019-02-07,3,全モード取得失敗
2019-02-07,4,全モード取得失敗
2019-02-07,5,全モード取得失敗
2019-02-07,6,全モード取得失敗
2019-02-07,7,全モード取得失敗
2019-02-07,8,全モード取得失敗
2019-02-07,9,全モード取得失敗
2019-02-07,10,全モード取得失敗
2019-02-07,11,全モード取得失敗
2019-02-07,12,全モード取得失敗
2019-02-08,1,全モード取得失敗
2019-02-08,2,全モード取得失敗
2019-02-08,3,全モード取得失敗
2019-02-08,4,全モード取得失敗
2019-02-08,5,全モード取得失敗
2019-02-08,6,全モード取得失敗
2019-02-08,7,全モード取得失敗
2019-02-08,8,全モード取得失敗
2019-02-08,9,全モード取得失敗
2019-02-08,10,全モード取得失敗
2019-02-08,11,全モード取得失敗
2019-02-08,12,全モード取得失敗
2019-02-09,1,全モード取得失敗
2019-02-09,2,全モード取得失敗
2019-02-09,3,全モード取得失敗
2019-02-09,4,全モード取得失敗
2019-02-09,5,全モード取得失敗
2019-02-09,6,全モード取得失敗
2019-02-09,7,全モード取得失敗
2019-02-09,8,全モード取得失敗
2019-02-09,9,全モード取得失敗
2019-02-09,10,全モード取得失敗
2019-02-09,11,全モード取得失敗
2019-02-09,12,全モード取得失敗
2019-02-10,1,全モード取得失敗
2019-02-10,2,全モード取得失敗
2019-02-10,3,全モード取得失敗
2019-02-10,4,全モード取得失敗
2019-02-10,5,全モード取得失敗
2019-02-10,6,全モード取得失敗
2019-02-10,7,全モード取得失敗
2019-02-10,8,全モード取得失敗
2019-02-10,9,全モード取得失敗
2019-02-10,10,全モード取得失敗
2019-02-10,11,全モード取得失敗
2019-02-10,12,全モード取得失敗
2019-02-13,1,全モード取得失敗
2019-02-13,2,全モード取得失敗
2019-02-13,3,全モード取得失敗
2019-02-13,4,全モード取得失敗
2019-02-13,5,全モード取得失敗
2019-02-13,6,全モード取得失敗
2019-02-13,7,全モード取得失敗
2019-02-13,8,全モード取得失敗
2019-02-13,9,全モード取得失敗
2019-02-13,10,全モード取得失敗
2019-02-13,11,全モード取得失敗
2019-02-13,12,全モード取得失敗
2019-02-14,2,全モード取得失敗
2019-02-14,3,全モード取得失敗
2019-02-14,4,全モード取得失敗
2019-02-14,5,全モード取得失敗
2019-02-14,6,全モード取得失敗
2019-02-14,7,全モード取得失敗
2019-02-14,8,全モード取得失敗
2019-02-14,9,全モード取得失敗
2019-02-14,10,全モード取得失敗
2019-02-14,11,全モード取得失敗
2019-02-14,12,全モード取得失敗
2019-02-15,1,全モード取得失敗
2019-02-15,2,全モード取得失敗
2019-02-15,3,全モード取得失敗
2019-02-15,4,全モード取得失敗
2019-02-15,5,全モード取得失敗
2019-02-15,6,全モード取得失敗
2019-02-15,7,全モード取得失敗
2019-02-15,8,全モード取得失敗
2019-02-15,9,全モード取得失敗
2019-02-15,10,全モード取得失敗
2019-02-15,11,全モード取得失敗
2019-02-15,12,全モード取得失敗
2019-02-16,2,全モード取得失敗
2019-02-16,4,全モード取得失敗
2019-02-16,5,全モード取得失敗
2019-02-16,6,全モード取得失敗
2019-02-16,7,全モード取得失敗
2019-02-16,9,全モード取得失敗
2019-02-16,10,全モード取得失敗
2019-02-16,11,全モード取得失敗
2019-02-16,12,全モード取得失敗
2019-02-17,2,全モード取得失敗
2019-02-17,3,全モード取得失敗
2019-02-17,4,全モード取得失敗
2019-01-01,1,全モード取得失敗
2019-02-17,5,全モード取得失敗
2019-01-01,2,全モード取得失敗
2019-02-17,6,全モード取得失敗
2019-01-01,3,全モード取得失敗
2019-02-17,7,全モード取得失敗
2019-02-17,8,全モード取得失敗
2019-01-01,4,全モード取得失敗
2019-02-17,9,全モード取得失敗
2019-01-01,5,全モード取得失敗
2019-02-17,10,全モード取得失敗
2019-02-17,11,全モード取得失敗
2019-01-01,6,全モード取得失敗
2019-02-17,12,全モード取得失敗
2019-02-18,1,全モード取得失敗
2019-02-18,2,全モード取得失敗
2019-02-18,3,全モード取得失敗
2019-02-18,4,全モード取得失敗
2019-02-18,5,全モード取得失敗
2019-02-18,6,全モード取得失敗
2019-02-18,7,全モード取得失敗
2019-02-18,8,全モード取得失敗
2019-02-18,9,全モード取得失敗
2019-02-18,10,全モード取得失敗
2019-02-18,11,全モード取得失敗
2019-02-18,12,全モード取得失敗
2019-02-24,1,全モード取得失敗
2019-02-24,2,全モード取得失敗
2019-02-24,3,全モード取得失敗
2019-02-24,5,全モード取得失敗
2019-02-24,7,全モード取得失敗
2019-02-24,8,全モード取得失敗
2019-02-24,9,全モード取得失敗
2019-02-24,11,全モード取得失敗
2019-02-24,12,全モード取得失敗
2019-02-25,1,全モード取得失敗
2019-02-25,2,全モード取得失敗
2019-02-25,3,全モード取得失敗
2019-02-25,4,全モード取得失敗
2019-02-25,5,全モード取得失敗
2019-02-25,6,全モード取得失敗
2019-02-25,7,全モード取得失敗
2019-02-25,8,全モード取得失敗
2019-02-25,9,全モード取得失敗
2019-02-25,10,全モード取得失敗
2019-02-25,11,全モード取得失敗
2019-02-25,12,全モード取得失敗
2019-02-26,1,全モード取得失敗
2019-02-26,2,全モード取得失敗
2019-02-26,3,全モード取得失敗
2019-02-26,4,全モード取得失敗
2019-02-26,5,全モード取得失敗
2019-02-26,6,全モード取得失敗
2019-02-26,7,全モード取得失敗
2019-02-26,8,全モード取得失敗
2019-02-26,9,全モード取得失敗
2019-02-26,10,全モード取得失敗
2019-02-26,11,全モード取得失敗
2019-02-26,12,部分欠損: odds_final,odds_2m
2019-03-16,6,部分欠損: odds_5m,odds_10m,odds_20m
2019-03-16,7,全モード取得失敗
2019-03-16,8,全モード取得失敗
2019-03-16,9,全モード取得失敗
2019-03-16,10,全モード取得失敗
2019-03-16,11,全モード取得失敗
2019-03-16,12,全モード取得失敗
2019-03-17,1,全モード取得失敗
2019-03-17,2,全モード取得失敗
2019-03-17,3,全モード取得失敗
2019-03-17,4,全モード取得失敗
2019-03-17,5,全モード取得失敗
2019-03-17,6,全モード取得失敗
2019-03-17,7,全モード取得失敗
2019-03-17,8,全モード取得失敗
2019-03-17,9,全モード取得失敗
2019-03-17,10,全モード取得失敗
2019-03-17,11,全モード取得失敗
2019-03-17,12,全モード取得失敗
2019-03-20,1,全モード取得失敗
2019-03-20,2,全モード取得失敗
2019-03-20,3,全モード取得失敗
2019-03-20,5,全モード取得失敗
2019-03-20,6,全モード取得失敗
2019-03-20,7,全モード取得失敗
2019-03-20,8,全モード取得失敗
2019-03-20,9,全モード取得失敗
2019-03-20,10,全モード取得失敗
2019-03-20,11,全モード取得失敗
2019-03-20,12,全モード取得失敗
2019-03-21,1,全モード取得失敗
2019-03-21,2,全モード取得失敗
2019-03-21,3,全モード取得失敗
2019-03-21,4,全モード取得失敗
2019-03-21,5,全モード取得失敗
2019-03-21,6,全モード取得失敗
2019-03-21,7,全モード取得失敗
2019-03-21,8,全モード取得失敗
2019-03-21,9,全モード取得失敗
2019-03-21,10,全モード取得失敗
2019-03-21,11,全モード取得失敗
2019-03-21,12,全モード取得失敗
2019-03-22,1,全モード取得失敗
2019-03-22,2,全モード取得失敗
2019-03-22,3,全モード取得失敗
2019-03-22,4,全モード取得失敗
2019-03-22,5,全モード取得失敗
2019-03-22,6,全モード取得失敗
2019-03-22,7,全モード取得失敗
2019-03-22,8,全モード取得失敗
2019-03-22,9,全モード取得失敗
2019-03-22,10,全モード取得失敗
2019-03-22,11,全モード取得失敗
2019-03-22,12,全モード取得失敗
2019-03-23,1,全モード取得失敗
2019-03-23,2,全モード取得失敗
2019-03-23,3,全モード取得失敗
2019-03-23,5,全モード取得失敗
2019-03-23,6,全モード取得失敗
2019-03-23,7,全モード取得失敗
2019-03-23,8,全モード取得失敗
2019-03-23,9,全モード取得失敗
2019-03-23,10,全モード取得失敗
2019-03-23,11,全モード取得失敗
2019-03-23,12,全モード取得失敗
2019-03-24,1,全モード取得失敗
2019-03-24,3,全モード取得失敗
2019-03-24,4,全モード取得失敗
2019-03-24,5,全モード取得失敗
2019-03-24,6,全モード取得失敗
2019-03-24,7,全モード取得失敗
2019-03-24,8,全モード取得失敗
2019-03-24,10,全モード取得失敗
2019-03-24,11,全モード取得失敗
2019-03-24,12,全モード取得失敗
2019-03-25,1,全モード取得失敗
2019-03-25,2,全モード取得失敗
2019-03-25,3,全モード取得失敗
2019-03-25,4,全モード取得失敗
2019-03-25,5,全モード取得失敗
2019-03-25,6,全モード取得失敗
2019-03-25,7,全モード取得失敗
2019-03-25,8,全モード取得失敗
2019-03-25,9,全モード取得失敗
2019-03-25,10,全モード取得失敗
2019-03-25,11,全モード取得失敗
2019-03-25,12,全モード取得失敗
2019-03-29,1,全モード取得失敗
2019-03-29,2,全モード取得失敗
2019-03-29,3,全モード取得失敗
2019-03-29,4,全モード取得失敗
2019-03-29,5,全モード取得失敗
2019-03-29,6,全モード取得失敗
2019-03-29,7,全モード取得失敗
2019-03-29,8,全モード取得失敗
2019-03-29,9,全モード取得失敗
2019-03-29,10,全モード取得失敗
2019-03-29,11,全モード取得失敗
2019-03-29,12,全モード取得失敗
2019-03-30,1,全モード取得失敗
2019-03-30,2,全モード取得失敗
2019-03-30,3,全モード取得失敗
2019-03-30,4,全モード取得失敗
2019-03-30,5,全モード取得失敗
2019-03-30,6,全モード取得失敗
2019-03-30,7,全モード取得失敗
2019-03-30,8,全モード取得失敗
2019-03-30,9,全モード取得失敗
2019-03-30,10,全モード取得失敗
2019-03-30,11,全モード取得失敗
2019-03-30,12,全モード取得失敗
2019-03-31,1,全モード取得失敗
2019-03-31,2,全モード取得失敗
2019-03-31,3,全モード取得失敗
2019-03-31,4,全モード取得失敗
2019-03-31,5,全モード取得失敗
2019-03-31,6,全モード取得失敗
2019-03-31,7,全モード取得失敗
2019-03-31,8,全モード取得失敗
2019-03-31,9,全モード取得失敗
2019-03-31,10,全モード取得失敗
2019-03-31,11,全モード取得失敗
2019-03-31,12,全モード取得失敗
2019-04-01,2,全モード取得失敗
2019-04-01,3,全モード取得失敗
2019-04-01,4,全モード取得失敗
2019-04-01,6,全モード取得失敗
2019-04-01,7,全モード取得失敗
2019-04-01,8,全モード取得失敗
2019-04-01,10,全モード取得失敗
2019-04-01,11,全モード取得失敗
2019-04-02,1,全モード取得失敗
2019-04-02,2,全モード取得失敗
2019-04-02,3,全モード取得失敗
2019-04-02,4,全モード取得失敗
2019-04-02,5,全モード取得失敗
2019-04-02,6,全モード取得失敗
2019-04-02,7,全モード取得失敗
2019-04-02,8,全モード取得失敗
2019-04-02,9,全モード取得失敗
2019-04-02,10,全モード取得失敗
2019-04-02,11,全モード取得失敗
2019-04-02,12,全モード取得失敗
2019-04-03,1,全モード取得失敗
2019-04-03,2,全モード取得失敗
2019-04-03,3,全モード取得失敗
2019-04-03,4,全モード取得失敗
2019-04-03,5,全モード取得失敗
2019-04-03,6,全モード取得失敗
2019-04-03,8,全モード取得失敗
2019-04-03,9,全モード取得失敗
2019-04-03,10,全モード取得失敗
2019-04-03,12,全モード取得失敗
2019-04-04,1,全モード取得失敗
2019-04-04,2,全モード取得失敗
2019-04-04,3,全モード取得失敗
2019-04-04,4,全モード取得失敗
2019-04-04,5,全モード取得失敗
2019-04-04,6,全モード取得失敗
2019-04-04,7,全モード取得失敗
2019-04-04,8,全モード取得失敗
2019-04-04,9,全モード取得失敗
2019-04-04,10,全モード取得失敗
2019-04-04,11,全モード取得失敗
2019-04-04,12,全モード取得失敗
2019-04-08,2,全モード取得失敗
2019-04-08,3,全モード取得失敗
2019-04-08,4,全モード取得失敗
2019-04-08,5,全モード取得失敗
2019-04-08,6,全モード取得失敗
2019-04-08,7,全モード取得失敗
2019-04-08,8,全モード取得失敗
2019-04-08,9,全モード取得失敗
2019-04-08,10,全モード取得失敗
2019-04-08,11,全モード取得失敗
2019-04-08,12,全モード取得失敗
2019-04-09,1,全モード取得失敗
2019-04-09,2,全モード取得失敗
2019-04-09,4,全モード取得失敗
2019-04-09,5,全モード取得失敗
2019-04-09,6,全モード取得失敗
2019-04-09,7,全モード取得失敗
2019-04-09,8,全モード取得失敗
2019-04-09,9,全モード取得失敗
2019-04-09,11,全モード取得失敗
2019-04-09,12,全モード取得失敗
2019-04-10,1,全モード取得失敗
2019-04-10,2,全モード取得失敗
2019-04-10,3,全モード取得失敗
2019-04-10,4,全モード取得失敗
2019-04-10,5,全モード取得失敗
2019-04-10,6,全モード取得失敗
2019-04-10,7,全モード取得失敗
2019-04-10,8,全モード取得失敗
2019-04-10,9,全モード取得失敗
2019-04-10,10,全モード取得失敗
2019-04-10,11,全モード取得失敗
2019-04-10,12,全モード取得失敗
2019-04-11,1,全モード取得失敗
2019-04-11,2,全モード取得失敗
2019-04-11,3,全モード取得失敗
2019-04-11,4,全モード取得失敗
2019-04-11,5,全モード取得失敗
2019-04-11,6,全モード取得失敗
2019-04-11,7,全モード取得失敗
2019-04-11,8,全モード取得失敗
2019-04-11,9,全モード取得失敗
2019-04-11,11,全モード取得失敗
2019-04-11,12,全モード取得失敗
2019-04-12,1,全モード取得失敗
2019-04-12,2,全モード取得失敗
2019-04-12,3,全モード取得失敗
2019-04-12,4,全モード取得失敗
2019-04-12,5,全モード取得失敗
2019-04-12,6,全モード取得失敗
2019-04-12,7,全モード取得失敗
2019-04-12,8,全モード取得失敗
2019-04-12,10,全モード取得失敗
2019-04-12,11,全モード取得失敗
2019-04-12,12,全モード取得失敗
2019-04-13,1,全モード取得失敗
2019-04-13,2,全モード取得失敗
2019-04-13,3,全モード取得失敗
2019-04-13,4,全モード取得失敗
2019-04-13,5,全モード取得失敗
2019-04-13,6,全モード取得失敗
2019-04-13,7,全モード取得失敗
2019-04-13,8,全モード取得失敗
2019-04-13,9,全モード取得失敗
2019-04-13,11,全モード取得失敗
2019-04-13,12,全モード取得失敗
2019-04-20,1,全モード取得失敗
2019-04-20,2,全モード取得失敗
2019-04-20,3,全モード取得失敗
2019-04-20,4,全モード取得失敗
2019-04-20,5,全モード取得失敗
2019-04-20,6,全モード取得失敗
2019-04-20,7,全モード取得失敗
2019-04-20,9,全モード取得失敗
2019-04-20,10,全モード取得失敗
2019-04-20,11,全モード取得失敗
2019-04-20,12,全モード取得失敗
2019-04-21,1,全モード取得失敗
2019-04-21,2,全モード取得失敗
2019-04-21,3,全モード取得失敗
2019-04-21,5,全モード取得失敗
2019-04-21,6,全モード取得失敗
2019-04-21,7,全モード取得失敗
2019-04-21,8,全モード取得失敗
2019-04-21,10,全モード取得失敗
2019-04-21,11,全モード取得失敗
2019-04-21,12,全モード取得失敗
2019-04-22,1,全モード取得失敗
2019-04-22,2,全モード取得失敗
2019-04-22,4,全モード取得失敗
2019-04-22,5,全モード取得失敗
2019-04-22,6,全モード取得失敗
2019-04-22,7,全モード取得失敗
2019-04-22,8,全モード取得失敗
2019-04-22,9,全モード取得失敗
2019-04-22,10,全モード取得失敗
2019-04-22,12,全モード取得失敗
2019-04-23,1,全モード取得失敗
2019-04-23,2,全モード取得失敗
2019-04-23,3,全モード取得失敗
2019-04-23,4,全モード取得失敗
2019-04-23,5,全モード取得失敗
2019-04-23,6,全モード取得失敗
2019-04-23,7,全モード取得失敗
2019-04-23,8,全モード取得失敗
2019-04-23,9,全モード取得失敗
2019-04-23,10,全モード取得失敗
2019-04-23,11,全モード取得失敗
2019-04-23,12,全モード取得失敗
2019-04-27,1,全モード取得失敗
2019-04-27,2,全モード取得失敗
2019-04-27,3,全モード取得失敗
2019-04-27,4,全モード取得失敗
2019-04-27,5,全モード取得失敗
2019-04-27,7,全モード取得失敗
2019-04-27,8,全モード取得失敗
2019-04-27,9,全モード取得失敗
2019-04-27,10,全モード取得失敗
2019-04-27,11,全モード取得失敗
2019-04-27,12,全モード取得失敗
2019-04-28,1,全モード取得失敗
2019-04-28,2,全モード取得失敗
2019-04-28,3,全モード取得失敗
2019-04-28,4,全モード取得失敗
2019-04-28,6,全モード取得失敗
2019-04-28,7,全モード取得失敗
2019-04-28,9,全モード取得失敗
2019-04-28,10,全モード取得失敗
2019-04-28,11,全モード取得失敗
2019-04-28,12,全モード取得失敗
2019-04-29,1,全モード取得失敗
2019-04-29,2,全モード取得失敗
2019-04-29,3,全モード取得失敗
2019-04-29,4,全モード取得失敗
2019-04-29,5,全モード取得失敗
2019-04-29,6,全モード取得失敗
2019-04-29,7,全モード取得失敗
2019-04-29,8,全モード取得失敗
2019-04-29,9,全モード取得失敗
2019-04-29,10,全モード取得失敗
2019-04-29,11,全モード取得失敗
2019-04-29,12,全モード取得失敗
2019-04-30,2,全モード取得失敗
2019-04-30,3,全モード取得失敗
2019-04-30,4,全モード取得失敗
2019-04-30,5,全モード取得失敗
2019-04-30,6,全モード取得失敗
2019-04-30,7,全モード取得失敗
2019-04-30,8,全モード取得失敗
2019-04-30,9,全モード取得失敗
2019-04-30,10,全モード取得失敗
2019-04-30,12,全モード取得失敗
2019-05-01,1,全モード取得失敗
2019-05-01,2,全モード取得失敗
2019-05-01,3,全モード取得失敗
2019-05-01,5,全モード取得失敗
2019-05-01,6,全モード取得失敗
2019-05-01,7,全モード取得失敗
2019-05-01,8,全モード取得失敗
2019-05-01,9,全モード取得失敗
2019-05-01,10,全モード取得失敗
2019-05-01,12,全モード取得失敗
2019-05-04,1,全モード取得失敗
2019-05-04,2,全モード取得失敗
2019-05-04,3,全モード取得失敗
2019-05-04,4,全モード取得失敗
2019-05-04,5,全モード取得失敗
2019-05-04,6,全モード取得失敗
2019-05-04,7,全モード取得失敗
2019-05-04,8,全モード取得失敗
2019-05-04,9,全モード取得失敗
2019-05-04,10,全モード取得失敗
2019-05-04,11,全モード取得失敗
2019-05-04,12,全モード取得失敗
2019-05-05,1,全モード取得失敗
2019-05-05,2,全モード取得失敗
2019-05-05,3,全モード取得失敗
2019-05-05,4,全モード取得失敗
2019-05-05,5,全モード取得失敗
2019-05-05,6,全モード取得失敗
2019-05-05,7,全モード取得失敗
2019-05-05,9,全モード取得失敗
2019-05-05,10,全モード取得失敗
2019-05-05,11,全モード取得失敗
2019-05-05,12,全モード取得失敗
2019-05-06,1,全モード取得失敗
2019-05-06,2,全モード取得失敗
2019-05-06,3,全モード取得失敗
2019-05-06,4,全モード取得失敗
2019-05-06,5,全モード取得失敗
2019-05-06,6,全モード取得失敗
2019-05-06,7,全モード取得失敗
2019-05-06,9,全モード取得失敗
2019-05-06,11,全モード取得失敗
2019-05-06,12,全モード取得失敗
2019-05-07,1,全モード取得失敗
2019-05-07,2,全モード取得失敗
2019-05-07,3,全モード取得失敗
2019-05-07,4,全モード取得失敗
2019-05-07,5,全モード取得失敗
2019-05-07,6,全モード取得失敗
2019-05-07,7,全モード取得失敗
2019-05-07,8,全モード取得失敗
2019-05-07,9,全モード取得失敗
2019-05-07,11,全モード取得失敗
2019-05-07,12,全モード取得失敗
2019-05-08,1,全モード取得失敗
2019-05-08,2,全モード取得失敗
2019-05-08,3,全モード取得失敗
2019-05-08,4,全モード取得失敗
2019-05-08,5,全モード取得失敗
2019-05-08,6,全モード取得失敗
2019-05-08,7,全モード取得失敗
2019-05-08,8,全モード取得失敗
2019-05-08,10,全モード取得失敗
2019-05-08,11,全モード取得失敗
2019-05-08,12,全モード取得失敗
2019-05-09,1,全モード取得失敗
2019-05-09,2,全モード取得失敗
2019-05-09,3,全モード取得失敗
2019-05-09,4,全モード取得失敗
2019-05-09,5,全モード取得失敗
2019-05-09,6,全モード取得失敗
2019-05-09,7,全モード取得失敗
2019-05-09,8,全モード取得失敗
2019-05-09,10,全モード取得失敗
2019-05-09,11,全モード取得失敗
2019-05-09,12,全モード取得失敗
2019-05-24,2,全モード取得失敗
2019-05-24,3,全モード取得失敗
2019-05-24,4,全モード取得失敗
2019-05-24,5,全モード取得失敗
2019-05-24,6,全モード取得失敗
2019-05-24,7,全モード取得失敗
2019-05-24,9,全モード取得失敗
2019-05-24,10,全モード取得失敗
2019-05-24,11,全モード取得失敗
2019-05-24,12,全モード取得失敗
2019-05-25,1,全モード取得失敗
2019-05-25,2,全モード取得失敗
2019-05-25,3,全モード取得失敗
2019-05-25,4,全モード取得失敗
2019-05-25,5,全モード取得失敗
2019-05-25,8,全モード取得失敗
2019-05-25,9,全モード取得失敗
2019-05-25,10,全モード取得失敗
2019-05-25,12,全モード取得失敗
2019-05-26,1,全モード取得失敗
2019-05-26,2,全モード取得失敗
2019-05-26,3,全モード取得失敗
2019-05-26,4,全モード取得失敗
2019-05-26,5,全モード取得失敗
2019-05-26,6,全モード取得失敗
2019-05-26,7,全モード取得失敗
2019-05-26,8,全モード取得失敗
2019-05-26,9,全モード取得失敗
2019-05-26,10,全モード取得失敗
2019-05-26,11,全モード取得失敗
2019-05-26,12,全モード取得失敗
2019-05-27,1,全モード取得失敗
2019-05-27,2,全モード取得失敗
2019-05-27,3,全モード取得失敗
2019-05-27,5,全モード取得失敗
2019-05-27,6,全モード取得失敗
2019-05-27,7,全モード取得失敗
2019-05-27,8,全モード取得失敗
2019-05-27,9,全モード取得失敗
2019-05-27,10,全モード取得失敗
2019-05-27,11,全モード取得失敗
2019-05-27,12,全モード取得失敗
2019-06-02,1,全モード取得失敗
2019-06-02,2,全モード取得失敗
2019-06-02,3,全モード取得失敗
2019-06-02,4,全モード取得失敗
2019-06-02,5,全モード取得失敗
2019-06-02,6,全モード取得失敗
2019-06-02,7,全モード取得失敗
2019-06-02,8,全モード取得失敗
2019-06-02,9,全モード取得失敗
2019-06-02,11,全モード取得失敗
2019-06-02,12,全モード取得失敗
2019-06-03,1,全モード取得失敗
2019-06-03,2,全モード取得失敗
2019-06-03,3,全モード取得失敗
2019-06-03,4,全モード取得失敗
2019-06-03,5,全モード取得失敗
2019-06-03,6,全モード取得失敗
2019-06-03,7,全モード取得失敗
2019-06-03,8,全モード取得失敗
2019-06-03,9,全モード取得失敗
2019-06-03,11,全モード取得失敗
2019-06-03,12,全モード取得失敗
2019-06-04,2,全モード取得失敗
2019-06-04,3,全モード取得失敗
2019-06-04,4,全モード取得失敗
2019-06-04,5,全モード取得失敗
2019-06-04,6,全モード取得失敗
2019-06-04,7,全モード取得失敗
2019-06-04,8,全モード取得失敗
2019-06-04,9,全モード取得失敗
2019-06-04,10,全モード取得失敗
2019-06-04,11,全モード取得失敗
2019-06-04,12,全モード取得失敗
2019-06-05,1,全モード取得失敗
2019-06-05,2,全モード取得失敗
2019-06-05,3,全モード取得失敗
2019-06-05,4,全モード取得失敗
2019-06-05,5,全モード取得失敗
2019-06-05,6,全モード取得失敗
2019-06-05,7,全モード取得失敗
2019-06-05,8,全モード取得失敗
2019-06-05,9,全モード取得失敗
2019-06-05,10,全モード取得失敗
2019-06-05,11,全モード取得失敗
2019-06-05,12,全モード取得失敗
2019-06-06,1,全モード取得失敗
2019-06-06,2,全モード取得失敗
2019-06-06,3,全モード取得失敗
2019-06-06,4,全モード取得失敗
2019-06-06,5,全モード取得失敗
2019-06-06,6,全モード取得失敗
2019-06-06,7,全モード取得失敗
2019-06-06,8,全モード取得失敗
2019-06-06,9,全モード取得失敗
2019-06-06,10,全モード取得失敗
2019-06-06,11,全モード取得失敗
2019-06-06,12,全モード取得失敗
2019-06-07,1,全モード取得失敗
2019-06-07,2,全モード取得失敗
2019-06-07,3,全モード取得失敗
2019-06-07,4,全モード取得失敗
2019-06-07,5,全モード取得失敗
2019-06-07,6,全モード取得失敗
2019-06-07,7,全モード取得失敗
2019-06-07,8,全モード取得失敗
2019-06-07,9,全モード取得失敗
2019-06-07,11,全モード取得失敗
2019-06-07,12,全モード取得失敗
2019-06-08,1,全モード取得失敗
2019-06-08,2,全モード取得失敗
2019-06-08,3,全モード取得失敗
2019-06-08,4,全モード取得失敗
2019-06-08,5,全モード取得失敗
2019-06-08,6,全モード取得失敗
2019-06-08,7,全モード取得失敗
2019-06-08,8,全モード取得失敗
2019-06-08,9,全モード取得失敗
2019-06-08,10,全モード取得失敗
2019-06-08,11,全モード取得失敗
2019-06-08,12,全モード取得失敗
2019-06-13,1,全モード取得失敗
2019-06-13,3,全モード取得失敗
2019-06-13,4,全モード取得失敗
2019-06-13,5,全モード取得失敗
2019-06-13,6,全モード取得失敗
2019-06-13,8,全モード取得失敗
2019-06-13,9,全モード取得失敗
2019-06-13,10,全モード取得失敗
2019-06-13,11,全モード取得失敗
2019-06-13,12,全モード取得失敗
2019-06-14,1,全モード取得失敗
2019-06-14,2,全モード取得失敗
2019-06-14,3,全モード取得失敗
2019-06-14,4,全モード取得失敗
2019-06-14,5,全モード取得失敗
2019-06-14,6,全モード取得失敗
2019-06-14,7,全モード取得失敗
2019-06-14,8,全モード取得失敗
2019-06-14,10,全モード取得失敗
2019-06-14,12,全モード取得失敗
2019-06-15,1,全モード取得失敗
2019-06-15,3,全モード取得失敗
2019-06-15,4,全モード取得失敗
2019-06-15,5,全モード取得失敗
2019-06-15,6,全モード取得失敗
2019-06-15,7,全モード取得失敗
2019-06-15,8,全モード取得失敗
2019-06-15,9,全モード取得失敗
2019-06-15,11,全モード取得失敗
2019-06-15,12,全モード取得失敗
2019-06-16,1,全モード取得失敗
2019-06-16,2,全モード取得失敗
2019-06-16,3,全モード取得失敗
2019-06-16,4,全モード取得失敗
2019-06-16,5,全モード取得失敗
2019-06-16,6,全モード取得失敗
2019-06-16,7,全モード取得失敗
2019-06-16,8,全モード取得失敗
2019-06-16,9,全モード取得失敗
2019-06-16,10,全モード取得失敗
2019-06-16,11,全モード取得失敗
2019-06-17,1,全モード取得失敗
2019-06-17,2,全モード取得失敗
2019-06-17,3,全モード取得失敗
2019-06-17,4,全モード取得失敗
2019-06-17,5,全モード取得失敗
2019-06-17,6,全モード取得失敗
2019-06-17,7,全モード取得失敗
2019-06-17,8,全モード取得失敗
2019-06-17,9,全モード取得失敗
2019-06-17,10,全モード取得失敗
2019-06-17,11,全モード取得失敗
2019-06-17,12,全モード取得失敗
2019-06-18,1,全モード取得失敗
2019-06-18,2,全モード取得失敗
2019-06-18,3,全モード取得失敗
2019-06-18,4,全モード取得失敗
2019-06-18,5,全モード取得失敗
2019-06-18,6,全モード取得失敗
2019-06-18,7,全モード取得失敗
2019-06-18,9,全モード取得失敗
2019-06-18,10,全モード取得失敗
2019-06-18,11,全モード取得失敗
2019-06-18,12,全モード取得失敗
2019-06-27,1,全モード取得失敗
2019-06-27,2,全モード取得失敗
2019-06-27,6,全モード取得失敗
2019-06-27,7,全モード取得失敗
2019-06-27,8,全モード取得失敗
2019-06-27,9,全モード取得失敗
2019-06-27,10,全モード取得失敗
2019-06-27,11,全モード取得失敗
2019-06-27,12,全モード取得失敗
2019-06-28,1,全モード取得失敗
2019-06-28,2,全モード取得失敗
2019-06-28,3,全モード取得失敗
2019-06-28,4,全モード取得失敗
2019-06-28,5,全モード取得失敗
2019-06-28,6,全モード取得失敗
2019-06-28,7,全モード取得失敗
2019-06-28,8,全モード取得失敗
2019-06-28,9,全モード取得失敗
2019-06-28,10,全モード取得失敗
2019-06-28,11,全モード取得失敗
2019-06-28,12,全モード取得失敗
2019-06-29,2,全モード取得失敗
2019-06-29,3,全モード取得失敗
2019-06-29,4,全モード取得失敗
2019-06-29,5,全モード取得失敗
2019-06-29,6,全モード取得失敗
2019-06-29,7,全モード取得失敗
2019-06-29,8,全モード取得失敗
2019-06-29,9,全モード取得失敗
2019-06-29,10,全モード取得失敗
2019-06-29,11,全モード取得失敗
2019-06-29,12,全モード取得失敗
2019-06-30,1,全モード取得失敗
2019-06-30,2,全モード取得失敗
2019-06-30,3,全モード取得失敗
2019-06-30,4,全モード取得失敗
2019-06-30,6,全モード取得失敗
2019-06-30,7,全モード取得失敗
2019-06-30,8,全モード取得失敗
2019-06-30,9,全モード取得失敗
2019-06-30,10,全モード取得失敗
2019-06-30,11,全モード取得失敗
2019-06-30,12,全モード取得失敗
2019-07-01,1,全モード取得失敗
2019-07-01,2,全モード取得失敗
2019-07-01,3,全モード取得失敗
2019-07-01,4,全モード取得失敗
2019-07-01,5,全モード取得失敗
2019-07-01,6,全モード取得失敗
2019-07-01,7,全モード取得失敗
2019-07-01,8,全モード取得失敗
2019-07-01,9,全モード取得失敗
2019-07-01,10,全モード取得失敗
2019-07-01,11,全モード取得失敗
2019-07-01,12,全モード取得失敗
2019-07-02,1,全モード取得失敗
2019-07-02,2,全モード取得失敗
2019-07-02,3,全モード取得失敗
2019-07-02,4,全モード取得失敗
2019-07-02,5,全モード取得失敗
2019-07-02,6,全モード取得失敗
2019-07-02,7,全モード取得失敗
2019-07-02,8,全モード取得失敗
2019-07-02,9,全モード取得失敗
2019-07-02,10,全モード取得失敗
2019-07-02,11,全モード取得失敗
2019-07-02,12,全モード取得失敗
2019-07-06,1,全モード取得失敗
2019-07-06,2,全モード取得失敗
2019-07-06,3,全モード取得失敗
2019-07-06,4,全モード取得失敗
2019-07-06,5,全モード取得失敗
2019-07-06,6,全モード取得失敗
2019-07-06,7,全モード取得失敗
2019-07-06,8,全モード取得失敗
2019-07-06,9,全モード取得失敗
2019-07-06,10,全モード取得失敗
2019-07-06,11,全モード取得失敗
2019-07-06,12,全モード取得失敗
2019-07-07,1,全モード取得失敗
2019-07-07,2,全モード取得失敗
2019-07-07,3,全モード取得失敗
2019-07-07,4,全モード取得失敗
2019-07-07,5,全モード取得失敗
2019-07-07,6,全モード取得失敗
2019-07-07,7,全モード取得失敗
2019-07-07,8,全モード取得失敗
2019-07-07,9,全モード取得失敗
2019-07-07,10,全モード取得失敗
2019-07-07,11,全モード取得失敗
2019-07-07,12,全モード取得失敗
2019-07-08,1,全モード取得失敗
2019-07-08,2,全モード取得失敗
2019-07-08,3,全モード取得失敗
2019-07-08,4,全モード取得失敗
2019-07-08,5,全モード取得失敗
2019-07-08,6,全モード取得失敗
2019-07-08,7,全モード取得失敗
2019-07-08,8,全モード取得失敗
2019-07-08,9,全モード取得失敗
2019-07-08,10,全モード取得失敗
2019-07-08,11,全モード取得失敗
2019-07-08,12,全モード取得失敗
2019-07-09,2,全モード取得失敗
2019-07-09,3,全モード取得失敗
2019-07-09,5,全モード取得失敗
2019-07-09,6,全モード取得失敗
2019-07-09,7,全モード取得失敗
2019-07-09,8,全モード取得失敗
2019-07-09,9,全モード取得失敗
2019-07-09,10,全モード取得失敗
2019-07-09,11,全モード取得失敗
2019-07-09,12,全モード取得失敗
2019-07-16,1,全モード取得失敗
2019-07-16,2,全モード取得失敗
2019-07-16,4,全モード取得失敗
2019-07-16,5,全モード取得失敗
2019-07-16,6,全モード取得失敗
2019-07-16,7,全モード取得失敗
2019-07-16,9,全モード取得失敗
2019-07-16,10,全モード取得失敗
2019-07-16,11,全モード取得失敗
2019-07-16,12,全モード取得失敗
2019-07-17,2,全モード取得失敗
2019-07-17,3,全モード取得失敗
2019-07-17,4,全モード取得失敗
2019-07-17,6,全モード取得失敗
2019-07-17,7,全モード取得失敗
2019-07-17,8,全モード取得失敗
2019-07-17,9,全モード取得失敗
2019-07-17,10,全モード取得失敗
2019-07-17,11,全モード取得失敗
2019-07-18,1,全モード取得失敗
2019-07-18,2,全モード取得失敗
2019-07-18,3,全モード取得失敗
2019-07-18,4,全モード取得失敗
2019-07-18,5,全モード取得失敗
2019-07-18,6,全モード取得失敗
2019-07-18,7,全モード取得失敗
2019-07-18,8,全モード取得失敗
2019-07-18,9,全モード取得失敗
2019-07-18,10,全モード取得失敗
2019-07-18,12,全モード取得失敗
2019-07-19,1,全モード取得失敗
2019-07-19,2,全モード取得失敗
2019-07-19,3,全モード取得失敗
2019-07-19,4,全モード取得失敗
2019-07-19,5,全モード取得失敗
2019-07-19,6,全モード取得失敗
2019-07-19,7,全モード取得失敗
2019-07-19,8,全モード取得失敗
2019-07-19,9,全モード取得失敗
2019-07-19,10,全モード取得失敗
2019-07-19,11,全モード取得失敗
2019-07-19,12,全モード取得失敗
2019-07-25,2,全モード取得失敗
2019-07-25,3,全モード取得失敗
2019-07-25,4,全モード取得失敗
2019-07-25,6,全モード取得失敗
2019-07-25,7,全モード取得失敗
2019-07-25,8,全モード取得失敗
2019-07-25,9,全モード取得失敗
2019-07-25,10,全モード取得失敗
2019-07-25,11,全モード取得失敗
2019-07-25,12,全モード取得失敗
2019-07-26,1,全モード取得失敗
2019-07-26,2,全モード取得失敗
2019-07-26,3,全モード取得失敗
2019-07-26,5,全モード取得失敗
2019-07-26,7,全モード取得失敗
2019-07-26,8,全モード取得失敗
2019-07-26,9,全モード取得失敗
2019-07-26,10,全モード取得失敗
2019-07-26,11,全モード取得失敗
2019-07-26,12,全モード取得失敗
2019-07-27,1,全モード取得失敗
2019-07-27,2,全モード取得失敗
2019-07-27,3,全モード取得失敗
2019-07-27,6,全モード取得失敗
2019-07-27,7,全モード取得失敗
2019-07-27,8,全モード取得失敗
2019-07-27,9,全モード取得失敗
2019-07-27,10,全モード取得失敗
2019-07-27,11,全モード取得失敗
2019-07-27,12,全モード取得失敗
2019-07-28,1,全モード取得失敗
2019-07-28,3,全モード取得失敗
2019-07-28,6,全モード取得失敗
2019-07-28,7,全モード取得失敗
2019-07-28,8,全モード取得失敗
2019-07-28,9,全モード取得失敗
2019-07-28,11,全モード取得失敗
2019-07-28,12,全モード取得失敗
2019-07-29,1,全モード取得失敗
2019-07-29,2,全モード取得失敗
2019-07-29,3,全モード取得失敗
2019-07-29,4,全モード取得失敗
2019-07-29,5,全モード取得失敗
2019-07-29,6,全モード取得失敗
2019-07-29,7,全モード取得失敗
2019-07-29,8,全モード取得失敗
2019-07-29,9,全モード取得失敗
2019-07-29,10,全モード取得失敗
2019-07-29,11,全モード取得失敗
2019-07-29,12,全モード取得失敗
2019-07-30,2,全モード取得失敗
2019-07-30,3,全モード取得失敗
2019-07-30,4,全モード取得失敗
2019-07-30,5,全モード取得失敗
2019-07-30,6,全モード取得失敗
2019-07-30,7,全モード取得失敗
2019-07-30,8,全モード取得失敗
2019-07-30,9,全モード取得失敗
2019-07-30,10,全モード取得失敗
2019-07-30,11,全モード取得失敗
2019-07-30,12,全モード取得失敗
2019-08-03,3,全モード取得失敗
2019-08-03,4,全モード取得失敗
2019-08-03,5,全モード取得失敗
2019-08-03,6,全モード取得失敗
2019-08-03,7,全モード取得失敗
2019-08-03,8,全モード取得失敗
2019-08-03,9,全モード取得失敗
2019-08-03,10,全モード取得失敗
2019-08-04,1,全モード取得失敗
2019-08-04,2,全モード取得失敗
2019-08-04,3,全モード取得失敗
2019-08-04,4,全モード取得失敗
2019-08-04,5,全モード取得失敗
2019-08-04,6,全モード取得失敗
2019-08-04,7,全モード取得失敗
2019-08-04,8,全モード取得失敗
2019-08-04,9,全モード取得失敗
2019-08-04,10,全モード取得失敗
2019-08-04,11,全モード取得失敗
2019-08-04,12,全モード取得失敗
2019-08-05,1,全モード取得失敗
2019-08-05,2,全モード取得失敗
2019-08-05,3,全モード取得失敗
2019-08-05,4,全モード取得失敗
2019-08-05,5,全モード取得失敗
2019-08-05,6,全モード取得失敗
2019-08-05,7,全モード取得失敗
2019-08-05,8,全モード取得失敗
2019-08-05,9,全モード取得失敗
2019-08-05,10,全モード取得失敗
2019-08-05,11,全モード取得失敗
2019-08-05,12,部分欠損: odds_final,odds_2m,odds_5m,odds_10m
2019-08-14,8,部分欠損: odds_final
2019-08-27,1,部分欠損: odds_10m,odds_20m
2019-08-29,3,部分欠損: odds_20m
2019-08-29,4,全モード取得失敗
2019-08-29,5,全モード取得失敗
2019-08-29,6,全モード取得失敗
2019-08-29,7,全モード取得失敗
2019-08-29,8,全モード取得失敗
2019-08-29,9,全モード取得失敗
2019-08-29,10,全モード取得失敗
2019-08-29,11,全モード取得失敗
2019-08-29,12,全モード取得失敗
2019-08-30,1,全モード取得失敗
2019-08-30,2,全モード取得失敗
2019-08-30,3,全モード取得失敗
2019-08-30,4,全モード取得失敗
2019-08-30,5,全モード取得失敗
2019-08-30,6,全モード取得失敗
2019-08-30,7,全モード取得失敗
2019-08-30,8,全モード取得失敗
2019-08-30,9,全モード取得失敗
2019-08-30,10,全モード取得失敗
2019-08-30,11,全モード取得失敗
2019-08-30,12,全モード取得失敗
2019-09-11,1,全モード取得失敗
2019-09-11,2,全モード取得失敗
2019-09-11,3,全モード取得失敗
2019-09-11,4,全モード取得失敗
2019-09-11,5,全モード取得失敗
2019-09-11,6,全モード取得失敗
2019-09-11,7,全モード取得失敗
2019-09-11,8,全モード取得失敗
2019-09-11,9,全モード取得失敗
2019-09-11,10,全モード取得失敗
2019-09-11,11,全モード取得失敗
2019-09-11,12,全モード取得失敗
2019-09-12,1,全モード取得失敗
2019-09-12,3,全モード取得失敗
2019-09-12,4,全モード取得失敗
2019-09-12,5,全モード取得失敗
2019-09-12,6,全モード取得失敗
2019-09-12,7,全モード取得失敗
2019-09-12,8,全モード取得失敗
2019-09-12,9,全モード取得失敗
2019-09-12,10,全モード取得失敗
2019-09-12,11,全モード取得失敗
2019-09-12,12,全モード取得失敗
2019-09-13,1,全モード取得失敗
2019-09-13,2,全モード取得失敗
2019-09-13,3,全モード取得失敗
2019-09-13,4,全モード取得失敗
2019-09-13,5,全モード取得失敗
2019-09-13,6,全モード取得失敗
2019-09-13,7,全モード取得失敗
2019-09-13,8,全モード取得失敗
2019-09-13,9,全モード取得失敗
2019-09-13,10,全モード取得失敗
2019-09-13,11,全モード取得失敗
2019-09-13,12,全モード取得失敗
2019-09-14,1,全モード取得失敗
2019-09-14,2,全モード取得失敗
2019-09-14,3,全モード取得失敗
2019-09-14,6,全モード取得失敗
2019-09-14,7,全モード取得失敗
2019-09-14,8,全モード取得失敗
2019-09-14,9,全モード取得失敗
2019-09-14,10,全モード取得失敗
2019-09-14,11,全モード取得失敗
2019-09-14,12,全モード取得失敗
2019-09-15,1,全モード取得失敗
2019-09-15,2,全モード取得失敗
2019-09-15,3,全モード取得失敗
2019-09-15,4,全モード取得失敗
2019-09-15,5,全モード取得失敗
2019-09-15,6,全モード取得失敗
2019-09-15,7,全モード取得失敗
2019-09-15,8,全モード取得失敗
2019-09-15,9,全モード取得失敗
2019-09-15,10,全モード取得失敗
2019-09-15,11,全モード取得失敗
2019-09-15,12,全モード取得失敗
2019-09-16,1,全モード取得失敗
2019-09-16,2,全モード取得失敗
2019-09-16,3,全モード取得失敗
2019-09-16,4,全モード取得失敗
2019-09-16,5,全モード取得失敗
2019-09-16,6,全モード取得失敗
2019-09-16,7,全モード取得失敗
2019-09-16,8,全モード取得失敗
2019-09-16,9,全モード取得失敗
2019-09-16,10,全モード取得失敗
2019-09-16,11,全モード取得失敗
2019-09-16,12,全モード取得失敗
2019-09-25,1,全モード取得失敗
2019-09-25,2,全モード取得失敗
2019-09-25,3,全モード取得失敗
2019-09-25,4,全モード取得失敗
2019-09-25,5,全モード取得失敗
2019-09-25,7,全モード取得失敗
2019-09-25,8,全モード取得失敗
2019-09-25,9,全モード取得失敗
2019-09-25,10,全モード取得失敗
2019-09-25,11,全モード取得失敗
2019-09-25,12,全モード取得失敗
2019-09-26,2,全モード取得失敗
2019-09-26,3,全モード取得失敗
2019-09-26,4,全モード取得失敗
2019-09-26,5,全モード取得失敗
2019-09-26,6,全モード取得失敗
2019-09-26,7,全モード取得失敗
2019-09-26,8,全モード取得失敗
2019-09-26,9,全モード取得失敗
2019-09-26,10,全モード取得失敗
2019-09-26,12,全モード取得失敗
2019-09-27,1,全モード取得失敗
2019-09-27,2,全モード取得失敗
2019-09-27,3,全モード取得失敗
2019-09-27,4,全モード取得失敗
2019-09-27,5,全モード取得失敗
2019-09-27,6,全モード取得失敗
2019-09-27,7,全モード取得失敗
2019-09-27,8,全モード取得失敗
2019-09-27,9,全モード取得失敗
2019-09-27,10,全モード取得失敗
2019-09-27,11,全モード取得失敗
2019-09-27,12,全モード取得失敗
2019-09-28,1,全モード取得失敗
2019-09-28,2,全モード取得失敗
2019-09-28,3,全モード取得失敗
2019-09-28,5,全モード取得失敗
2019-09-28,6,全モード取得失敗
2019-09-28,7,全モード取得失敗
2019-09-28,8,全モード取得失敗
2019-09-28,9,全モード取得失敗
2019-09-28,10,全モード取得失敗
2019-09-28,11,全モード取得失敗
2019-09-28,12,全モード取得失敗
2019-09-29,1,全モード取得失敗
2019-09-29,2,全モード取得失敗
2019-09-29,3,全モード取得失敗
2019-09-29,4,全モード取得失敗
2019-09-29,5,全モード取得失敗
2019-09-29,6,全モード取得失敗
2019-09-29,7,全モード取得失敗
2019-09-29,8,全モード取得失敗
2019-09-29,10,全モード取得失敗
2019-09-29,12,全モード取得失敗
2019-09-30,1,全モード取得失敗
2019-09-30,2,全モード取得失敗
2019-09-30,3,全モード取得失敗
2019-09-30,4,全モード取得失敗
2019-09-30,5,全モード取得失敗
2019-09-30,6,全モード取得失敗
2019-09-30,7,全モード取得失敗
2019-09-30,8,全モード取得失敗
2019-09-30,9,全モード取得失敗
2019-09-30,10,全モード取得失敗
2019-09-30,11,全モード取得失敗
2019-09-30,12,全モード取得失敗
2019-10-06,1,全モード取得失敗
2019-10-06,2,全モード取得失敗
2019-10-06,3,全モード取得失敗
2019-10-06,4,全モード取得失敗
2019-10-06,5,全モード取得失敗
2019-10-06,7,全モード取得失敗
2019-10-06,8,全モード取得失敗
2019-10-06,9,全モード取得失敗
2019-10-06,10,全モード取得失敗
2019-10-06,11,全モード取得失敗
2019-10-06,12,全モード取得失敗
2019-10-07,1,全モード取得失敗
2019-10-07,3,全モード取得失敗
2019-10-07,4,全モード取得失敗
2019-10-07,5,全モード取得失敗
2019-10-07,6,全モード取得失敗
2019-10-07,7,全モード取得失敗
2019-10-07,8,全モード取得失敗
2019-10-07,9,全モード取得失敗
2019-10-07,10,全モード取得失敗
2019-10-07,12,全モード取得失敗
2019-10-08,1,全モード取得失敗
2019-10-08,2,全モード取得失敗
2019-10-08,3,全モード取得失敗
2019-10-08,4,全モード取得失敗
2019-10-08,5,全モード取得失敗
2019-10-08,6,全モード取得失敗
2019-10-08,7,全モード取得失敗
2019-10-08,8,全モード取得失敗
2019-10-08,9,全モード取得失敗
2019-10-08,11,全モード取得失敗
2019-10-08,12,全モード取得失敗
2019-10-09,1,全モード取得失敗
2019-10-09,2,全モード取得失敗
2019-10-09,3,全モード取得失敗
2019-10-09,5,全モード取得失敗
2019-10-09,7,全モード取得失敗
2019-10-09,8,全モード取得失敗
2019-10-09,9,全モード取得失敗
2019-10-09,10,全モード取得失敗
2019-10-09,11,全モード取得失敗
2019-10-09,12,全モード取得失敗
2019-10-10,1,全モード取得失敗
2019-10-10,2,全モード取得失敗
2019-10-10,3,全モード取得失敗
2019-10-10,4,全モード取得失敗
2019-10-10,5,全モード取得失敗
2019-10-10,6,全モード取得失敗
2019-10-10,7,全モード取得失敗
2019-10-10,8,全モード取得失敗
2019-10-10,9,全モード取得失敗
2019-10-10,10,全モード取得失敗
2019-10-10,11,全モード取得失敗
2019-10-10,12,全モード取得失敗
2019-10-11,1,全モード取得失敗
2019-10-11,2,全モード取得失敗
2019-10-11,3,全モード取得失敗
2019-10-11,4,全モード取得失敗
2019-10-11,5,全モード取得失敗
2019-10-11,6,全モード取得失敗
2019-10-11,7,全モード取得失敗
2019-10-11,8,全モード取得失敗
2019-10-11,9,全モード取得失敗
2019-10-11,10,全モード取得失敗
2019-10-11,11,全モード取得失敗
2019-10-11,12,全モード取得失敗
2019-10-16,1,全モード取得失敗
2019-10-16,2,全モード取得失敗
2019-10-16,3,全モード取得失敗
2019-10-16,4,全モード取得失敗
2019-10-16,5,全モード取得失敗
2019-10-16,7,全モード取得失敗
2019-10-16,8,全モード取得失敗
2019-10-16,9,全モード取得失敗
2019-10-16,10,全モード取得失敗
2019-10-16,11,全モード取得失敗
2019-10-16,12,全モード取得失敗
2019-10-17,1,全モード取得失敗
2019-10-17,2,全モード取得失敗
2019-10-17,3,全モード取得失敗
2019-10-17,4,全モード取得失敗
2019-10-17,5,全モード取得失敗
2019-10-17,6,全モード取得失敗
2019-10-17,7,全モード取得失敗
2019-10-17,8,全モード取得失敗
2019-10-17,9,全モード取得失敗
2019-10-17,10,全モード取得失敗
2019-10-17,11,全モード取得失敗
2019-10-17,12,全モード取得失敗
2019-10-18,1,全モード取得失敗
2019-10-18,2,全モード取得失敗
2019-10-18,3,全モード取得失敗
2019-10-18,4,全モード取得失敗
2019-10-18,5,全モード取得失敗
2019-10-18,6,全モード取得失敗
2019-10-18,7,全モード取得失敗
2019-10-18,8,全モード取得失敗
2019-10-18,9,全モード取得失敗
2019-10-18,10,全モード取得失敗
2019-10-18,11,全モード取得失敗
2019-10-18,12,全モード取得失敗
2019-10-19,1,全モード取得失敗
2019-10-19,2,全モード取得失敗
2019-10-19,3,全モード取得失敗
2019-10-19,4,全モード取得失敗
2019-10-19,5,全モード取得失敗
2019-10-19,6,全モード取得失敗
2019-10-19,7,全モード取得失敗
2019-10-19,8,全モード取得失敗
2019-10-19,9,全モード取得失敗
2019-10-19,10,全モード取得失敗
2019-10-19,11,全モード取得失敗
2019-10-19,12,全モード取得失敗
2019-10-20,1,全モード取得失敗
2019-10-20,2,全モード取得失敗
2019-10-20,3,全モード取得失敗
2019-10-20,4,全モード取得失敗
2019-10-20,5,全モード取得失敗
2019-10-20,6,全モード取得失敗
2019-10-20,7,全モード取得失敗
2019-10-20,8,全モード取得失敗
2019-10-20,9,全モード取得失敗
2019-10-20,11,全モード取得失敗
2019-10-20,12,全モード取得失敗
2019-10-21,2,全モード取得失敗
2019-10-21,3,全モード取得失敗
2019-10-21,4,全モード取得失敗
2019-10-21,5,全モード取得失敗
2019-10-21,6,全モード取得失敗
2019-10-21,7,全モード取得失敗
2019-10-21,8,全モード取得失敗
2019-10-21,10,全モード取得失敗
2019-10-21,11,全モード取得失敗
2019-10-21,12,全モード取得失敗
2019-10-24,1,全モード取得失敗
2019-10-24,2,全モード取得失敗
2019-10-24,3,全モード取得失敗
2019-10-24,4,全モード取得失敗
2019-10-24,5,全モード取得失敗
2019-10-24,6,全モード取得失敗
2019-10-24,7,全モード取得失敗
2019-10-24,8,全モード取得失敗
2019-10-24,9,全モード取得失敗
2019-10-24,10,全モード取得失敗
2019-10-24,11,全モード取得失敗
2019-10-24,12,全モード取得失敗
2019-10-25,1,全モード取得失敗
2019-10-25,2,全モード取得失敗
2019-10-25,3,全モード取得失敗
2019-10-25,4,全モード取得失敗
2019-10-25,5,全モード取得失敗
2019-10-25,6,全モード取得失敗
2019-10-25,7,全モード取得失敗
2019-10-25,8,全モード取得失敗
2019-10-25,9,全モード取得失敗
2019-10-25,10,全モード取得失敗
2019-10-25,11,全モード取得失敗
2019-10-25,12,全モード取得失敗
2019-10-26,1,全モード取得失敗
2019-10-26,2,全モード取得失敗
2019-10-26,3,全モード取得失敗
2019-10-26,4,全モード取得失敗
2019-10-26,5,全モード取得失敗
2019-10-26,7,全モード取得失敗
2019-10-26,8,全モード取得失敗
2019-10-26,9,全モード取得失敗
2019-10-26,10,全モード取得失敗
2019-10-26,11,全モード取得失敗
2019-10-26,12,全モード取得失敗
2019-10-27,1,全モード取得失敗
2019-10-27,2,全モード取得失敗
2019-10-27,5,全モード取得失敗
2019-10-27,6,全モード取得失敗
2019-10-27,7,全モード取得失敗
2019-10-27,8,全モード取得失敗
2019-10-27,9,全モード取得失敗
2019-10-27,10,全モード取得失敗
2019-10-27,11,全モード取得失敗
2019-10-27,12,全モード取得失敗
2019-10-28,1,全モード取得失敗
2019-10-28,3,全モード取得失敗
2019-10-28,4,全モード取得失敗
2019-10-28,5,全モード取得失敗
2019-10-28,6,全モード取得失敗
2019-10-28,7,全モード取得失敗
2019-10-28,8,全モード取得失敗
2019-10-28,9,全モード取得失敗
2019-10-28,10,全モード取得失敗
2019-10-28,11,全モード取得失敗
2019-10-28,12,全モード取得失敗
2019-11-01,1,全モード取得失敗
2019-11-01,2,全モード取得失敗
2019-11-01,3,全モード取得失敗
2019-11-01,5,全モード取得失敗
2019-11-01,6,全モード取得失敗
2019-11-01,7,全モード取得失敗
2019-11-01,8,全モード取得失敗
2019-11-01,9,全モード取得失敗
2019-11-01,10,全モード取得失敗
2019-11-01,11,全モード取得失敗
2019-11-01,12,全モード取得失敗
2019-11-02,1,全モード取得失敗
2019-11-02,2,全モード取得失敗
2019-11-02,3,全モード取得失敗
2019-11-02,4,全モード取得失敗
2019-11-02,5,全モード取得失敗
2019-11-02,6,全モード取得失敗
2019-11-02,7,全モード取得失敗
2019-11-02,8,全モード取得失敗
2019-11-02,9,全モード取得失敗
2019-11-02,10,全モード取得失敗
2019-11-02,11,全モード取得失敗
2019-11-02,12,全モード取得失敗
2019-11-03,1,全モード取得失敗
2019-11-03,2,全モード取得失敗
2019-11-03,3,全モード取得失敗
2019-11-03,4,全モード取得失敗
2019-11-03,5,全モード取得失敗
2019-11-03,6,全モード取得失敗
2019-11-03,7,全モード取得失敗
2019-11-03,8,全モード取得失敗
2019-11-03,9,全モード取得失敗
2019-11-03,10,全モード取得失敗
2019-11-03,12,全モード取得失敗
2019-11-04,1,全モード取得失敗
2019-11-04,2,全モード取得失敗
2019-11-04,3,全モード取得失敗
2019-11-04,4,全モード取得失敗
2019-11-04,6,全モード取得失敗
2019-11-04,9,全モード取得失敗
2019-11-04,10,全モード取得失敗
2019-11-04,11,全モード取得失敗
2019-11-04,12,全モード取得失敗
2019-11-05,1,全モード取得失敗
2019-11-05,2,全モード取得失敗
2019-11-05,3,全モード取得失敗
2019-11-05,4,全モード取得失敗
2019-11-05,5,全モード取得失敗
2019-11-05,6,全モード取得失敗
2019-11-05,7,全モード取得失敗
2019-11-05,8,全モード取得失敗
2019-11-05,9,全モード取得失敗
2019-11-05,10,全モード取得失敗
2019-11-05,11,全モード取得失敗
2019-11-05,12,全モード取得失敗
2019-11-06,1,全モード取得失敗
2019-11-06,2,全モード取得失敗
2019-11-06,3,全モード取得失敗
2019-11-06,4,全モード取得失敗
2019-11-06,5,全モード取得失敗
2019-11-06,6,全モード取得失敗
2019-11-06,7,全モード取得失敗
2019-11-06,8,全モード取得失敗
2019-11-06,9,全モード取得失敗
2019-11-06,10,全モード取得失敗
2019-11-06,11,全モード取得失敗
2019-11-06,12,全モード取得失敗
2019-11-21,1,全モード取得失敗
2019-11-21,2,全モード取得失敗
2019-11-21,3,全モード取得失敗
2019-11-21,4,全モード取得失敗
2019-11-21,6,全モード取得失敗
2019-11-21,7,全モード取得失敗
2019-11-21,8,全モード取得失敗
2019-11-21,9,全モード取得失敗
2019-11-21,11,全モード取得失敗
2019-11-21,12,全モード取得失敗
2019-11-22,1,全モード取得失敗
2019-11-22,2,全モード取得失敗
2019-11-22,3,全モード取得失敗
2019-11-22,4,全モード取得失敗
2019-11-22,5,全モード取得失敗
2019-11-22,6,全モード取得失敗
2019-11-22,7,全モード取得失敗
2019-11-22,8,全モード取得失敗
2019-11-22,9,全モード取得失敗
2019-11-22,10,全モード取得失敗
2019-11-22,11,全モード取得失敗
2019-11-22,12,全モード取得失敗
2019-11-23,3,全モード取得失敗
2019-11-23,4,全モード取得失敗
2019-11-23,5,全モード取得失敗
2019-11-23,6,全モード取得失敗
2019-11-23,7,全モード取得失敗
2019-11-23,8,全モード取得失敗
2019-11-23,9,全モード取得失敗
2019-11-23,10,全モード取得失敗
2019-11-23,11,全モード取得失敗
2019-11-23,12,全モード取得失敗
2019-11-24,1,全モード取得失敗
2019-11-24,2,全モード取得失敗
2019-11-24,3,全モード取得失敗
2019-11-24,4,全モード取得失敗
2019-11-24,5,全モード取得失敗
2019-11-24,6,全モード取得失敗
2019-11-24,7,全モード取得失敗
2019-11-24,8,全モード取得失敗
2019-11-24,9,全モード取得失敗
2019-11-24,10,全モード取得失敗
2019-11-24,12,全モード取得失敗
2019-11-25,1,全モード取得失敗
2019-11-25,2,全モード取得失敗
2019-11-25,3,全モード取得失敗
2019-11-25,4,全モード取得失敗
2019-11-25,5,全モード取得失敗
2019-11-25,7,全モード取得失敗
2019-11-25,8,全モード取得失敗
2019-11-25,9,全モード取得失敗
2019-11-25,10,全モード取得失敗
2019-11-25,11,全モード取得失敗
2019-11-25,12,全モード取得失敗
2019-11-26,1,全モード取得失敗
2019-11-26,2,全モード取得失敗
2019-11-26,3,全モード取得失敗
2019-11-26,4,全モード取得失敗
2019-11-26,5,全モード取得失敗
2019-11-26,6,全モード取得失敗
2019-11-26,7,全モード取得失敗
2019-11-26,8,全モード取得失敗
2019-11-26,9,全モード取得失敗
2019-11-26,11,全モード取得失敗
2019-11-26,12,全モード取得失敗
2019-11-27,1,全モード取得失敗
2019-11-27,2,全モード取得失敗
2019-11-27,3,全モード取得失敗
2019-11-27,4,全モード取得失敗
2019-11-27,5,全モード取得失敗
2019-11-27,6,全モード取得失敗
2019-11-27,7,全モード取得失敗
2019-11-27,8,全モード取得失敗
2019-11-27,9,全モード取得失敗
2019-11-27,10,全モード取得失敗
2019-11-27,11,全モード取得失敗
2019-11-27,12,全モード取得失敗
2019-11-30,1,全モード取得失敗
2019-11-30,2,全モード取得失敗
2019-11-30,4,全モード取得失敗
2019-11-30,5,全モード取得失敗
2019-11-30,6,全モード取得失敗
2019-11-30,7,全モード取得失敗
2019-11-30,8,全モード取得失敗
2019-11-30,9,全モード取得失敗
2019-11-30,10,全モード取得失敗
2019-11-30,11,全モード取得失敗
2019-11-30,12,全モード取得失敗
2019-12-01,1,全モード取得失敗
2019-12-01,2,全モード取得失敗
2019-12-01,3,全モード取得失敗
2019-12-01,4,全モード取得失敗
2019-12-01,5,全モード取得失敗
2019-12-01,6,全モード取得失敗
2019-12-01,7,全モード取得失敗
2019-12-01,8,全モード取得失敗
2019-12-01,9,全モード取得失敗
2019-12-01,10,全モード取得失敗
2019-12-01,11,全モード取得失敗
2019-12-01,12,全モード取得失敗
2019-12-02,1,全モード取得失敗
2019-12-02,2,全モード取得失敗
2019-12-02,3,全モード取得失敗
2019-12-02,4,全モード取得失敗
2019-12-02,5,全モード取得失敗
2019-12-02,6,全モード取得失敗
2019-12-02,7,全モード取得失敗
2019-12-02,8,全モード取得失敗
2019-12-02,9,全モード取得失敗
2019-12-02,11,全モード取得失敗
2019-12-02,12,全モード取得失敗
2019-12-03,2,全モード取得失敗
2019-12-03,3,全モード取得失敗
2019-12-03,4,全モード取得失敗
2019-12-03,5,全モード取得失敗
2019-12-03,6,全モード取得失敗
2019-12-03,8,全モード取得失敗
2019-12-03,9,全モード取得失敗
2019-12-03,10,全モード取得失敗
2019-12-03,11,全モード取得失敗
2019-12-03,12,全モード取得失敗
2019-12-04,1,全モード取得失敗
2019-12-04,2,全モード取得失敗
2019-12-04,3,全モード取得失敗
2019-12-04,4,全モード取得失敗
2019-12-04,5,全モード取得失敗
2019-12-04,7,全モード取得失敗
2019-12-04,8,全モード取得失敗
2019-12-04,9,全モード取得失敗
2019-12-04,10,全モード取得失敗
2019-12-04,12,全モード取得失敗
2019-12-05,1,全モード取得失敗
2019-12-05,2,全モード取得失敗
2019-12-05,3,全モード取得失敗
2019-12-05,4,全モード取得失敗
2019-12-05,5,全モード取得失敗
2019-12-05,6,全モード取得失敗
2019-12-05,7,全モード取得失敗
2019-12-05,8,全モード取得失敗
2019-12-05,9,全モード取得失敗
2019-12-05,10,全モード取得失敗
2019-12-05,11,全モード取得失敗
2019-12-05,12,全モード取得失敗
2019-12-11,1,全モード取得失敗
2019-12-11,2,全モード取得失敗
2019-12-11,3,全モード取得失敗
2019-12-11,4,全モード取得失敗
2019-12-11,5,全モード取得失敗
2019-12-11,6,全モード取得失敗
2019-12-11,7,全モード取得失敗
2019-12-11,8,全モード取得失敗
2019-12-11,9,全モード取得失敗
2019-12-11,10,全モード取得失敗
2019-12-11,11,全モード取得失敗
2019-12-11,12,全モード取得失敗
2019-12-12,1,全モード取得失敗
2019-12-12,2,全モード取得失敗
2019-12-12,3,全モード取得失敗
2019-12-12,4,全モード取得失敗
2019-12-12,5,全モード取得失敗
2019-12-12,6,全モード取得失敗
2019-12-12,7,全モード取得失敗
2019-12-12,8,全モード取得失敗
2019-12-12,9,全モード取得失敗
2019-12-12,10,全モード取得失敗
2019-12-12,11,全モード取得失敗
2019-12-12,12,全モード取得失敗
2019-12-13,1,全モード取得失敗
2019-12-13,2,全モード取得失敗
2019-12-13,3,全モード取得失敗
2019-12-13,4,全モード取得失敗
2019-12-13,5,全モード取得失敗
2019-12-13,6,全モード取得失敗
2019-12-13,8,全モード取得失敗
2019-12-13,9,全モード取得失敗
2019-12-13,10,全モード取得失敗
2019-12-13,11,全モード取得失敗
2019-12-13,12,全モード取得失敗
2019-12-14,1,全モード取得失敗
2019-12-14,2,全モード取得失敗
2019-12-14,3,全モード取得失敗
2019-12-14,4,全モード取得失敗
2019-12-14,5,全モード取得失敗
2019-12-14,6,全モード取得失敗
2019-12-14,7,全モード取得失敗
2019-12-14,8,全モード取得失敗
2019-12-14,9,全モード取得失敗
2019-12-14,10,全モード取得失敗
2019-12-14,11,全モード取得失敗
2019-12-14,12,全モード取得失敗
2019-12-15,1,全モード取得失敗
2019-12-15,2,全モード取得失敗
2019-12-15,3,全モード取得失敗
2019-12-15,5,全モード取得失敗
2019-12-15,7,全モード取得失敗
2019-12-15,8,全モード取得失敗
2019-12-15,10,全モード取得失敗
2019-12-15,11,全モード取得失敗
2019-12-15,12,全モード取得失敗
2019-12-16,1,全モード取得失敗
2019-12-16,4,全モード取得失敗
2019-12-16,5,全モード取得失敗
2019-12-16,6,全モード取得失敗
2019-12-16,7,全モード取得失敗
2019-12-16,9,全モード取得失敗
2019-12-16,10,全モード取得失敗
2019-12-16,11,全モード取得失敗
2019-12-16,12,全モード取得失敗
2019-12-23,1,全モード取得失敗
2019-12-23,2,全モード取得失敗
2019-12-23,3,全モード取得失敗
2019-12-23,4,全モード取得失敗
2019-12-23,5,全モード取得失敗
2019-12-23,6,全モード取得失敗
2019-12-23,7,全モード取得失敗
2019-12-23,8,全モード取得失敗
2019-12-23,9,全モード取得失敗
2019-12-23,10,全モード取得失敗
2019-12-23,11,全モード取得失敗
2019-12-23,12,全モード取得失敗
2019-12-24,1,全モード取得失敗
2019-12-24,3,全モード取得失敗
2019-12-24,4,全モード取得失敗
2019-12-24,5,全モード取得失敗
2019-12-24,6,全モード取得失敗
2019-12-24,7,全モード取得失敗
2019-12-24,8,全モード取得失敗
2019-12-24,9,全モード取得失敗
2019-12-24,11,全モード取得失敗
2019-12-24,12,全モード取得失敗
2019-12-25,1,全モード取得失敗
2019-12-25,2,全モード取得失敗
2019-12-25,3,全モード取得失敗
2019-12-25,4,全モード取得失敗
2019-12-25,5,全モード取得失敗
2019-12-25,6,全モード取得失敗
2019-12-25,7,全モード取得失敗
2019-12-25,8,全モード取得失敗
2019-12-25,9,全モード取得失敗
2019-12-25,10,全モード取得失敗
2019-12-25,11,全モード取得失敗
2019-12-25,12,全モード取得失敗
2019-12-26,1,全モード取得失敗
2019-12-26,2,全モード取得失敗
2019-12-26,3,全モード取得失敗
2019-12-26,4,全モード取得失敗
2019-12-26,5,全モード取得失敗
2019-12-26,6,全モード取得失敗
2019-12-26,7,全モード取得失敗
2019-12-26,9,全モード取得失敗
2019-12-26,10,全モード取得失敗
2019-12-26,11,全モード取得失敗
2019-12-26,12,全モード取得失敗
2019-12-27,1,全モード取得失敗
2019-12-27,2,全モード取得失敗
2019-12-27,3,全モード取得失敗
2019-12-27,4,全モード取得失敗
2019-12-27,5,全モード取得失敗
2019-12-27,6,全モード取得失敗
2019-12-27,7,全モード取得失敗
2019-12-27,8,全モード取得失敗
2019-12-27,9,全モード取得失敗
2019-12-27,10,全モード取得失敗
2019-12-27,12,全モード取得失敗
2019-12-28,1,全モード取得失敗
2019-12-28,3,全モード取得失敗
2019-12-28,4,全モード取得失敗
2019-12-28,5,全モード取得失敗
2019-12-28,6,全モード取得失敗
2019-12-28,7,全モード取得失敗
2019-12-28,8,全モード取得失敗
2019-12-28,9,全モード取得失敗
2019-12-28,10,全モード取得失敗
2019-12-28,11,全モード取得失敗
2019-12-28,12,全モード取得失敗
2019-12-31,1,全モード取得失敗
2019-12-31,2,全モード取得失敗
2019-12-31,3,全モード取得失敗
2019-12-31,4,全モード取得失敗
2019-12-31,5,全モード取得失敗
2019-12-31,6,全モード取得失敗
2019-12-31,7,全モード取得失敗
2019-12-31,8,全モード取得失敗
2019-12-31,9,全モード取得失敗
2019-12-31,10,全モード取得失敗
2019-12-31,11,全モード取得失敗
2019-12-31,12,全モード取得失敗
2020-01-01,1,全モード取得失敗
2020-01-01,2,全モード取得失敗
2020-01-01,4,全モード取得失敗
2020-01-01,5,全モード取得失敗
2020-01-01,7,全モード取得失敗
2020-01-01,8,全モード取得失敗
2020-01-01,9,全モード取得失敗
2020-01-01,10,全モード取得失敗
2020-01-01,11,全モード取得失敗
2020-01-01,12,全モード取得失敗
2020-01-02,1,全モード取得失敗
2020-01-02,2,全モード取得失敗
2020-01-02,3,全モード取得失敗
2020-01-02,4,全モード取得失敗
2020-01-02,5,全モード取得失敗
2020-01-02,6,全モード取得失敗
2020-01-02,7,全モード取得失敗
2020-01-02,8,全モード取得失敗
2020-01-02,9,全モード取得失敗
2020-01-02,10,全モード取得失敗
2020-01-02,11,全モード取得失敗
2020-01-02,12,全モード取得失敗
2020-01-03,1,全モード取得失敗
2020-01-03,2,全モード取得失敗
2020-01-03,3,全モード取得失敗
2020-01-03,4,全モード取得失敗
2020-01-03,5,全モード取得失敗
2020-01-03,6,全モード取得失敗
2020-01-03,7,全モード取得失敗
2020-01-03,8,全モード取得失敗
2020-01-03,9,全モード取得失敗
2020-01-03,10,全モード取得失敗
2020-01-03,11,全モード取得失敗
2020-01-03,12,全モード取得失敗
2020-01-04,1,全モード取得失敗
2020-01-04,2,全モード取得失敗
2020-01-04,3,全モード取得失敗
2020-01-04,4,全モード取得失敗
2020-01-04,5,全モード取得失敗
2020-01-04,6,全モード取得失敗
2020-01-04,7,全モード取得失敗
2020-01-04,8,全モード取得失敗
2020-01-04,9,全モード取得失敗
2020-01-04,10,全モード取得失敗
2020-01-04,11,全モード取得失敗
2020-01-05,1,全モード取得失敗
2020-01-05,2,全モード取得失敗
2020-01-05,3,全モード取得失敗
2020-01-05,4,全モード取得失敗
2020-01-05,5,全モード取得失敗
2020-01-05,6,全モード取得失敗
2020-01-05,7,全モード取得失敗
2020-01-05,8,全モード取得失敗
2020-01-05,9,全モード取得失敗
2020-01-05,10,全モード取得失敗
2020-01-05,11,全モード取得失敗
2020-01-05,12,全モード取得失敗
2020-01-10,1,全モード取得失敗
2020-01-10,2,全モード取得失敗
2020-01-10,3,全モード取得失敗
2020-01-10,4,全モード取得失敗
2020-01-10,5,全モード取得失敗
2020-01-10,6,全モード取得失敗
2020-01-10,7,全モード取得失敗
2020-01-10,9,全モード取得失敗
2020-01-10,10,全モード取得失敗
2020-01-10,11,全モード取得失敗
2020-01-10,12,全モード取得失敗
2020-01-11,2,全モード取得失敗
2020-01-11,3,全モード取得失敗
2020-01-11,4,全モード取得失敗
2020-01-11,5,全モード取得失敗
2020-01-11,6,全モード取得失敗
2020-01-11,7,全モード取得失敗
2020-01-11,8,全モード取得失敗
2020-01-11,9,全モード取得失敗
2020-01-11,10,全モード取得失敗
2020-01-11,11,全モード取得失敗
2020-01-11,12,全モード取得失敗
2020-01-12,1,全モード取得失敗
2020-01-12,2,全モード取得失敗
2020-01-12,3,全モード取得失敗
2020-01-12,4,全モード取得失敗
2020-01-12,5,全モード取得失敗
2020-01-12,6,全モード取得失敗
2020-01-12,7,全モード取得失敗
2020-01-12,8,全モード取得失敗
2020-01-12,9,全モード取得失敗
2020-01-12,10,全モード取得失敗
2020-01-12,11,全モード取得失敗
2020-01-12,12,全モード取得失敗
2020-01-13,1,全モード取得失敗
2020-01-13,3,全モード取得失敗
2020-01-13,4,全モード取得失敗
2020-01-13,5,全モード取得失敗
2020-01-13,6,全モード取得失敗
2020-01-13,8,全モード取得失敗
2020-01-13,9,全モード取得失敗
2020-01-13,10,全モード取得失敗
2020-01-13,11,全モード取得失敗
2020-01-13,12,全モード取得失敗
2020-01-16,1,全モード取得失敗
2020-01-16,2,全モード取得失敗
2020-01-16,3,全モード取得失敗
2020-01-16,4,全モード取得失敗
2020-01-16,5,全モード取得失敗
2020-01-16,6,全モード取得失敗
2020-01-16,7,全モード取得失敗
2020-01-16,8,全モード取得失敗
2020-01-16,9,全モード取得失敗
2020-01-16,10,全モード取得失敗
2020-01-16,11,全モード取得失敗
2020-01-17,1,全モード取得失敗
2020-01-17,2,全モード取得失敗
2020-01-17,3,全モード取得失敗
2020-01-17,4,全モード取得失敗
2020-01-17,5,全モード取得失敗
2020-01-17,6,全モード取得失敗
2020-01-17,7,全モード取得失敗
2020-01-17,8,全モード取得失敗
2020-01-17,9,全モード取得失敗
2020-01-17,10,全モード取得失敗
2020-01-17,11,全モード取得失敗
2020-01-17,12,全モード取得失敗
2020-01-18,1,全モード取得失敗
2020-01-18,2,全モード取得失敗
2020-01-18,3,全モード取得失敗
2020-01-18,4,全モード取得失敗
2020-01-18,5,全モード取得失敗
2020-01-18,6,全モード取得失敗
2020-01-18,7,全モード取得失敗
2020-01-18,9,全モード取得失敗
2020-01-18,10,全モード取得失敗
2020-01-18,11,全モード取得失敗
2020-01-18,12,全モード取得失敗
2020-01-19,1,全モード取得失敗
2020-01-19,2,全モード取得失敗
2020-01-19,3,全モード取得失敗
2020-01-19,4,全モード取得失敗
2020-01-19,5,全モード取得失敗
2020-01-19,6,全モード取得失敗
2020-01-19,8,全モード取得失敗
2020-01-19,9,全モード取得失敗
2020-01-19,10,全モード取得失敗
2020-01-19,11,全モード取得失敗
2020-01-20,1,全モード取得失敗
2020-01-20,2,全モード取得失敗
2020-01-20,3,全モード取得失敗
2020-01-20,4,全モード取得失敗
2020-01-20,5,全モード取得失敗
2020-01-20,6,全モード取得失敗
2020-01-20,7,全モード取得失敗
2020-01-20,8,全モード取得失敗
2020-01-20,9,全モード取得失敗
2020-01-20,10,全モード取得失敗
2020-01-20,11,全モード取得失敗
2020-01-23,1,全モード取得失敗
2020-01-23,2,全モード取得失敗
2020-01-23,4,全モード取得失敗
2020-01-23,5,全モード取得失敗
2020-01-23,6,全モード取得失敗
2020-01-23,7,全モード取得失敗
2020-01-23,8,全モード取得失敗
2020-01-23,9,全モード取得失敗
2020-01-23,11,全モード取得失敗
2020-01-23,12,全モード取得失敗
2020-01-24,1,全モード取得失敗
2020-01-24,2,全モード取得失敗
2020-01-24,3,全モード取得失敗
2020-01-24,4,全モード取得失敗
2020-01-24,5,全モード取得失敗
2020-01-24,6,全モード取得失敗
2020-01-24,7,全モード取得失敗
2020-01-24,8,全モード取得失敗
2020-01-24,9,全モード取得失敗
2020-01-24,10,全モード取得失敗
2020-01-24,11,全モード取得失敗
2020-01-24,12,全モード取得失敗
2020-01-25,1,全モード取得失敗
2020-01-25,2,全モード取得失敗
2020-01-25,3,全モード取得失敗
2020-01-25,6,全モード取得失敗
2020-01-25,7,全モード取得失敗
2020-01-25,8,全モード取得失敗
2020-01-25,10,全モード取得失敗
2020-01-25,11,全モード取得失敗
2020-01-25,12,全モード取得失敗
2020-01-26,2,全モード取得失敗
2020-01-26,3,全モード取得失敗
2020-01-26,4,全モード取得失敗
2020-01-26,5,全モード取得失敗
2020-01-26,6,全モード取得失敗
2020-01-26,7,全モード取得失敗
2020-01-26,9,全モード取得失敗
2020-01-26,11,全モード取得失敗
2020-01-26,12,全モード取得失敗
2020-01-27,1,全モード取得失敗
2020-01-27,2,全モード取得失敗
2020-01-27,3,全モード取得失敗
2020-01-27,5,全モード取得失敗
2020-01-27,7,全モード取得失敗
2020-01-27,8,全モード取得失敗
2020-01-27,9,全モード取得失敗
2020-01-27,10,全モード取得失敗
2020-01-27,11,全モード取得失敗
2020-01-27,12,全モード取得失敗
2020-01-28,1,全モード取得失敗
2020-01-28,2,全モード取得失敗
2020-01-28,3,全モード取得失敗
2020-01-28,4,全モード取得失敗
2020-01-28,5,全モード取得失敗
2020-01-28,6,全モード取得失敗
2020-01-28,7,全モード取得失敗
2020-01-28,8,全モード取得失敗
2020-01-28,9,全モード取得失敗
2020-01-28,10,全モード取得失敗
2020-01-28,11,全モード取得失敗
2020-01-28,12,全モード取得失敗
2020-02-01,1,全モード取得失敗
2020-02-01,2,全モード取得失敗
2020-02-01,4,全モード取得失敗
2020-02-01,5,全モード取得失敗
2020-02-01,6,全モード取得失敗
2020-02-01,7,全モード取得失敗
2020-02-01,8,全モード取得失敗
2020-02-01,9,全モード取得失敗
2020-02-01,10,全モード取得失敗
2020-02-01,11,全モード取得失敗
2020-02-01,12,全モード取得失敗
2020-02-02,1,全モード取得失敗
2020-02-02,2,全モード取得失敗
2020-02-02,3,全モード取得失敗
2020-02-02,4,全モード取得失敗
2020-02-02,5,全モード取得失敗
2020-02-02,6,全モード取得失敗
2020-02-02,7,全モード取得失敗
2020-02-02,8,全モード取得失敗
2020-02-02,9,全モード取得失敗
2020-02-02,10,全モード取得失敗
2020-02-02,11,全モード取得失敗
2020-02-02,12,全モード取得失敗
2020-02-03,1,全モード取得失敗
2020-02-03,3,全モード取得失敗
2020-02-03,4,全モード取得失敗
2020-02-03,5,全モード取得失敗
2020-02-03,6,全モード取得失敗
2020-02-03,7,全モード取得失敗
2020-02-03,8,全モード取得失敗
2020-02-03,9,全モード取得失敗
2020-02-03,10,全モード取得失敗
2020-02-03,11,全モード取得失敗
2020-02-03,12,全モード取得失敗
2020-02-04,2,全モード取得失敗
2020-02-04,3,全モード取得失敗
2020-02-04,4,全モード取得失敗
2020-02-04,5,全モード取得失敗
2020-02-04,6,全モード取得失敗
2020-02-04,7,全モード取得失敗
2020-02-04,8,全モード取得失敗
2020-02-04,9,全モード取得失敗
2020-02-04,10,全モード取得失敗
2020-02-04,11,全モード取得失敗
2020-02-04,12,全モード取得失敗
2020-02-05,1,全モード取得失敗
2020-02-05,2,全モード取得失敗
2020-02-05,4,全モード取得失敗
2020-02-05,5,全モード取得失敗
2020-02-05,6,全モード取得失敗
2020-02-05,7,全モード取得失敗
2020-02-05,8,全モード取得失敗
2020-02-05,9,全モード取得失敗
2020-02-05,11,全モード取得失敗
2020-02-05,12,全モード取得失敗
2020-02-08,1,全モード取得失敗
2020-02-08,2,全モード取得失敗
2020-02-08,4,全モード取得失敗
2020-02-08,5,全モード取得失敗
2020-02-08,6,全モード取得失敗
2020-02-08,7,全モード取得失敗
2020-02-08,8,全モード取得失敗
2020-02-08,9,全モード取得失敗
2020-02-08,10,全モード取得失敗
2020-02-08,11,全モード取得失敗
2020-02-08,12,全モード取得失敗
2020-02-09,1,全モード取得失敗
2020-02-09,2,全モード取得失敗
2020-02-09,4,全モード取得失敗
2020-02-09,5,全モード取得失敗
2020-02-09,6,全モード取得失敗
2020-02-09,7,全モード取得失敗
2020-02-09,8,全モード取得失敗
2020-02-09,9,全モード取得失敗
2020-02-09,11,全モード取得失敗
2020-02-09,12,全モード取得失敗
2020-02-10,1,全モード取得失敗
2020-02-10,2,全モード取得失敗
2020-02-10,3,全モード取得失敗
2020-02-10,4,全モード取得失敗
2020-02-10,5,全モード取得失敗
2020-02-10,6,全モード取得失敗
2020-02-10,7,全モード取得失敗
2020-02-10,8,全モード取得失敗
2020-02-10,9,全モード取得失敗
2020-02-10,10,全モード取得失敗
2020-02-10,11,全モード取得失敗
2020-02-10,12,全モード取得失敗
2020-02-11,1,全モード取得失敗
2020-02-11,2,全モード取得失敗
2020-02-11,3,全モード取得失敗
2020-02-11,4,全モード取得失敗
2020-02-11,5,全モード取得失敗
2020-02-11,6,全モード取得失敗
2020-02-11,7,全モード取得失敗
2020-02-11,8,全モード取得失敗
2020-02-11,9,全モード取得失敗
2020-02-11,10,全モード取得失敗
2020-02-11,11,全モード取得失敗
2020-02-11,12,全モード取得失敗
2020-02-12,1,全モード取得失敗
2020-02-12,2,全モード取得失敗
2020-02-12,3,全モード取得失敗
2020-02-12,4,全モード取得失敗
2020-02-12,5,全モード取得失敗
2020-02-12,6,全モード取得失敗
2020-02-12,8,全モード取得失敗
2020-02-12,9,全モード取得失敗
2020-02-12,10,全モード取得失敗
2020-02-12,11,全モード取得失敗
2020-02-12,12,全モード取得失敗
2020-02-13,1,全モード取得失敗
2020-02-13,2,全モード取得失敗
2020-02-13,3,全モード取得失敗
2020-02-13,4,全モード取得失敗
2020-02-13,5,全モード取得失敗
2020-02-13,6,全モード取得失敗
2020-02-13,7,全モード取得失敗
2020-02-13,9,全モード取得失敗
2020-02-13,10,全モード取得失敗
2020-02-13,11,全モード取得失敗
2020-02-24,2,全モード取得失敗
2020-02-24,3,全モード取得失敗
2020-02-24,4,全モード取得失敗
2020-02-24,5,全モード取得失敗
2020-02-24,6,全モード取得失敗
2020-02-24,7,全モード取得失敗
2020-02-24,8,全モード取得失敗
2020-02-24,9,全モード取得失敗
2020-02-24,10,全モード取得失敗
2020-02-24,11,全モード取得失敗
2020-02-24,12,全モード取得失敗
2020-02-25,1,全モード取得失敗
2020-02-25,2,全モード取得失敗
2020-02-25,3,全モード取得失敗
2020-02-25,4,全モード取得失敗
2020-02-25,5,全モード取得失敗
2020-02-25,6,全モード取得失敗
2020-02-25,7,全モード取得失敗
2020-02-25,8,全モード取得失敗
2020-02-25,9,全モード取得失敗
2020-02-25,10,全モード取得失敗
2020-02-25,11,全モード取得失敗
2020-02-26,1,全モード取得失敗
2020-02-26,2,全モード取得失敗
2020-02-26,3,全モード取得失敗
2020-02-26,4,全モード取得失敗
2020-02-26,5,全モード取得失敗
2020-02-26,6,全モード取得失敗
2020-02-26,7,全モード取得失敗
2020-02-26,8,全モード取得失敗
2020-02-26,9,全モード取得失敗
2020-02-26,10,全モード取得失敗
2020-02-26,11,全モード取得失敗
2020-02-26,12,全モード取得失敗
2020-02-27,1,全モード取得失敗
2020-02-27,2,全モード取得失敗
2020-02-27,3,全モード取得失敗
2020-02-27,4,全モード取得失敗
2020-02-27,5,全モード取得失敗
2020-02-27,6,全モード取得失敗
2020-02-27,7,全モード取得失敗
2020-02-27,8,全モード取得失敗
2020-02-27,9,全モード取得失敗
2020-02-27,10,全モード取得失敗
2020-02-27,11,全モード取得失敗
2020-02-27,12,全モード取得失敗
2020-02-28,1,全モード取得失敗
2020-02-28,2,全モード取得失敗
2020-02-28,3,全モード取得失敗
2020-02-28,4,全モード取得失敗
2020-02-28,5,全モード取得失敗
2020-02-28,6,全モード取得失敗
2020-02-28,8,全モード取得失敗
2020-02-28,9,全モード取得失敗
2020-02-28,10,全モード取得失敗
2020-02-28,11,全モード取得失敗
2020-02-28,12,全モード取得失敗
2020-03-02,1,全モード取得失敗
2020-03-02,2,全モード取得失敗
2020-03-02,3,全モード取得失敗
2020-03-02,4,全モード取得失敗
2020-03-02,5,全モード取得失敗
2020-03-02,6,全モード取得失敗
2020-03-02,7,全モード取得失敗
2020-03-02,8,全モード取得失敗
2020-03-02,9,全モード取得失敗
2020-03-02,10,全モード取得失敗
2020-03-02,12,全モード取得失敗
2020-03-03,1,全モード取得失敗
2020-03-03,2,全モード取得失敗
2020-03-03,3,全モード取得失敗
2020-03-03,4,全モード取得失敗
2020-03-03,5,全モード取得失敗
2020-03-03,6,全モード取得失敗
2020-03-03,7,全モード取得失敗
2020-03-03,8,全モード取得失敗
2020-03-03,10,全モード取得失敗
2020-03-03,11,全モード取得失敗
2020-03-03,12,全モード取得失敗
2020-03-04,1,全モード取得失敗
2020-03-04,2,全モード取得失敗
2020-03-04,3,全モード取得失敗
2020-03-04,4,全モード取得失敗
2020-03-04,6,全モード取得失敗
2020-03-04,7,全モード取得失敗
2020-03-04,8,全モード取得失敗
2020-03-04,11,全モード取得失敗
2020-03-04,12,全モード取得失敗
2020-03-05,3,全モード取得失敗
2020-03-05,5,全モード取得失敗
2020-03-05,6,全モード取得失敗
2020-03-05,7,全モード取得失敗
2020-03-05,8,全モード取得失敗
2020-03-05,10,全モード取得失敗
2020-03-05,11,全モード取得失敗
2020-03-05,12,全モード取得失敗
2020-03-06,1,全モード取得失敗
2020-03-06,2,全モード取得失敗
2020-03-06,3,全モード取得失敗
2020-03-06,4,全モード取得失敗
2020-03-06,6,全モード取得失敗
2020-03-06,7,全モード取得失敗
2020-03-06,8,全モード取得失敗
2020-03-06,9,全モード取得失敗
2020-03-06,10,全モード取得失敗
2020-03-06,11,全モード取得失敗
2020-03-06,12,全モード取得失敗
2020-03-07,1,全モード取得失敗
2020-03-07,3,全モード取得失敗
2020-03-07,4,全モード取得失敗
2020-03-07,5,全モード取得失敗
2020-03-07,6,全モード取得失敗
2020-03-07,7,全モード取得失敗
2020-03-07,9,全モード取得失敗
2020-03-07,10,全モード取得失敗
2020-03-07,11,全モード取得失敗
2020-03-07,12,全モード取得失敗
2020-03-11,2,全モード取得失敗
2020-03-11,3,全モード取得失敗
2020-03-11,4,全モード取得失敗
2020-03-11,5,全モード取得失敗
2020-03-11,6,全モード取得失敗
2020-03-11,7,全モード取得失敗
2020-03-11,8,全モード取得失敗
2020-03-11,9,全モード取得失敗
2020-03-11,10,全モード取得失敗
2020-03-11,11,全モード取得失敗
2020-03-11,12,全モード取得失敗
2020-03-12,1,全モード取得失敗
2020-03-12,2,全モード取得失敗
2020-03-12,3,全モード取得失敗
2020-03-12,4,全モード取得失敗
2020-03-12,5,全モード取得失敗
2020-03-12,6,全モード取得失敗
2020-03-12,8,全モード取得失敗
2020-03-12,9,全モード取得失敗
2020-03-12,10,全モード取得失敗
2020-03-12,11,全モード取得失敗
2020-03-12,12,全モード取得失敗
2020-03-13,1,全モード取得失敗
2020-03-13,2,全モード取得失敗
2020-03-13,3,全モード取得失敗
2020-03-13,4,全モード取得失敗
2020-03-13,5,全モード取得失敗
2020-03-13,7,全モード取得失敗
2020-03-13,8,全モード取得失敗
2020-03-13,9,全モード取得失敗
2020-03-13,11,全モード取得失敗
2020-03-13,12,全モード取得失敗
2020-03-14,1,全モード取得失敗
2020-03-14,3,全モード取得失敗
2020-03-14,4,全モード取得失敗
2020-03-14,5,全モード取得失敗
2020-03-14,6,全モード取得失敗
2020-03-14,7,全モード取得失敗
2020-03-14,8,全モード取得失敗
2020-03-14,11,全モード取得失敗
2020-03-14,12,全モード取得失敗
2020-03-15,1,全モード取得失敗
2020-03-15,2,全モード取得失敗
2020-03-15,3,全モード取得失敗
2020-03-15,4,全モード取得失敗
2020-03-15,5,全モード取得失敗
2020-03-15,6,全モード取得失敗
2020-03-15,7,全モード取得失敗
2020-03-15,8,全モード取得失敗
2020-03-15,9,全モード取得失敗
2020-03-15,10,全モード取得失敗
2020-03-15,11,全モード取得失敗
2020-03-15,12,全モード取得失敗
2020-03-18,1,全モード取得失敗
2020-03-18,2,全モード取得失敗
2020-03-18,3,全モード取得失敗
2020-03-18,4,全モード取得失敗
2020-03-18,5,全モード取得失敗
2020-03-18,6,全モード取得失敗
2020-03-18,7,全モード取得失敗
2020-03-18,8,全モード取得失敗
2020-03-18,9,全モード取得失敗
2020-03-18,10,全モード取得失敗
2020-03-18,11,全モード取得失敗
2020-03-18,12,全モード取得失敗
2020-03-19,1,全モード取得失敗
2020-03-19,2,全モード取得失敗
2020-03-19,3,全モード取得失敗
2020-03-19,4,全モード取得失敗
2020-03-19,5,全モード取得失敗
2020-03-19,6,全モード取得失敗
2020-03-19,7,全モード取得失敗
2020-03-19,8,全モード取得失敗
2020-03-19,9,全モード取得失敗
2020-03-19,10,全モード取得失敗
2020-03-19,11,全モード取得失敗
2020-03-19,12,全モード取得失敗
2020-03-20,1,全モード取得失敗
2020-03-20,2,全モード取得失敗
2020-03-20,3,全モード取得失敗
2020-03-20,4,全モード取得失敗
2020-03-20,5,全モード取得失敗
2020-03-20,6,全モード取得失敗
2020-03-20,7,全モード取得失敗
2020-03-20,8,全モード取得失敗
2020-03-20,9,全モード取得失敗
2020-03-20,10,全モード取得失敗
2020-03-20,11,全モード取得失敗
2020-03-21,1,全モード取得失敗
2020-03-21,2,全モード取得失敗
2020-03-21,3,全モード取得失敗
2020-03-21,4,全モード取得失敗
2020-03-21,5,全モード取得失敗
2020-03-21,6,全モード取得失敗
2020-03-21,7,全モード取得失敗
2020-03-21,8,全モード取得失敗
2020-03-21,9,全モード取得失敗
2020-03-21,10,全モード取得失敗
2020-03-21,11,全モード取得失敗
2020-03-21,12,全モード取得失敗
2020-03-22,1,全モード取得失敗
2020-03-22,2,全モード取得失敗
2020-03-22,3,全モード取得失敗
2020-03-22,4,全モード取得失敗
2020-03-22,5,全モード取得失敗
2020-03-22,6,全モード取得失敗
2020-03-22,7,全モード取得失敗
2020-03-22,8,全モード取得失敗
2020-03-22,9,全モード取得失敗
2020-03-22,10,全モード取得失敗
2020-03-22,11,全モード取得失敗
2020-03-22,12,全モード取得失敗
2020-03-23,1,全モード取得失敗
2020-03-23,2,全モード取得失敗
2020-03-23,3,全モード取得失敗
2020-03-23,4,全モード取得失敗
2020-03-23,5,全モード取得失敗
2020-03-23,6,全モード取得失敗
2020-03-23,7,全モード取得失敗
2020-03-23,8,全モード取得失敗
2020-03-23,9,全モード取得失敗
2020-03-23,10,全モード取得失敗
2020-03-23,11,全モード取得失敗
2020-03-23,12,全モード取得失敗
2020-03-30,1,全モード取得失敗
2020-03-30,2,全モード取得失敗
2020-03-30,3,全モード取得失敗
2020-03-30,4,全モード取得失敗
2020-03-30,5,全モード取得失敗
2020-03-30,6,全モード取得失敗
2020-03-30,7,全モード取得失敗
2020-03-30,8,全モード取得失敗
2020-03-30,9,全モード取得失敗
2020-03-30,10,全モード取得失敗
2020-03-30,11,全モード取得失敗
2020-03-30,12,全モード取得失敗
2020-03-31,1,全モード取得失敗
2020-03-31,2,全モード取得失敗
2020-03-31,3,全モード取得失敗
2020-03-31,4,全モード取得失敗
2020-03-31,5,全モード取得失敗
2020-03-31,6,全モード取得失敗
2020-03-31,7,全モード取得失敗
2020-03-31,8,全モード取得失敗
2020-03-31,9,全モード取得失敗
2020-03-31,10,全モード取得失敗
2020-03-31,11,全モード取得失敗
2020-03-31,12,全モード取得失敗
2020-04-01,1,全モード取得失敗
2020-04-01,2,全モード取得失敗
2020-04-01,3,全モード取得失敗
2020-04-01,4,全モード取得失敗
2020-04-01,5,全モード取得失敗
2020-04-01,6,全モード取得失敗
2020-04-01,7,全モード取得失敗
2020-04-01,8,全モード取得失敗
2020-04-01,9,全モード取得失敗
2020-04-01,11,全モード取得失敗
2020-04-01,12,全モード取得失敗
2020-04-02,1,全モード取得失敗
2020-04-02,2,全モード取得失敗
2020-04-02,3,全モード取得失敗
2020-04-02,4,全モード取得失敗
2020-04-02,5,全モード取得失敗
2020-04-02,6,全モード取得失敗
2020-04-02,8,全モード取得失敗
2020-04-02,9,全モード取得失敗
2020-04-02,10,全モード取得失敗
2020-04-02,11,全モード取得失敗
2020-04-02,12,全モード取得失敗
2020-04-03,1,全モード取得失敗
2020-04-03,2,全モード取得失敗
2020-04-03,3,全モード取得失敗
